ARM Linker, 5.03 [Build 24] [MDK-ARM Professional]

==============================================================================

Section Cross References

    __main.o(!!!main) refers to rtentry.o(.ARM.Collect$$rtentry$$00000000) for __rt_entry
    rtentry.o(.ARM.Collect$$rtentry$$00000000) refers (Special) to rtentry2.o(.ARM.Collect$$rtentry$$0000000A) for __rt_entry_li
    rtentry.o(.ARM.Collect$$rtentry$$00000000) refers (Special) to rtentry2.o(.ARM.Collect$$rtentry$$0000000D) for __rt_entry_main
    rtentry.o(.ARM.Collect$$rtentry$$00000000) refers (Special) to rtentry2.o(.ARM.Collect$$rtentry$$0000000C) for __rt_entry_postli_1
    rtentry.o(.ARM.Collect$$rtentry$$00000000) refers (Special) to rtentry2.o(.ARM.Collect$$rtentry$$00000009) for __rt_entry_postsh_1
    rtentry.o(.ARM.Collect$$rtentry$$00000000) refers (Special) to rtentry2.o(.ARM.Collect$$rtentry$$00000002) for __rt_entry_presh_1
    rtentry.o(.ARM.Collect$$rtentry$$00000000) refers (Special) to rtentry4.o(.ARM.Collect$$rtentry$$00000004) for __rt_entry_sh
    rtentry2.o(.ARM.Collect$$rtentry$$00000008) refers to boardinit2.o(.text) for _platform_post_stackheap_init
    rtentry2.o(.ARM.Collect$$rtentry$$0000000A) refers to libinit.o(.ARM.Collect$$libinit$$00000000) for __rt_lib_init
    rtentry2.o(.ARM.Collect$$rtentry$$0000000B) refers to boardinit3.o(.text) for _platform_post_lib_init
    rtentry2.o(.ARM.Collect$$rtentry$$0000000D) refers to exit.o(.text) for exit
    rtentry2.o(.ARM.Collect$$rtentry$$0000000D) refers to main.o(.text) for main
    rtentry2.o(.ARM.exidx) refers to rtentry2.o(.ARM.Collect$$rtentry$$00000001) for .ARM.Collect$$rtentry$$00000001
    rtentry2.o(.ARM.exidx) refers to rtentry2.o(.ARM.Collect$$rtentry$$00000008) for .ARM.Collect$$rtentry$$00000008
    rtentry2.o(.ARM.exidx) refers to rtentry2.o(.ARM.Collect$$rtentry$$0000000A) for .ARM.Collect$$rtentry$$0000000A
    rtentry2.o(.ARM.exidx) refers to rtentry2.o(.ARM.Collect$$rtentry$$0000000B) for .ARM.Collect$$rtentry$$0000000B
    rtentry2.o(.ARM.exidx) refers to rtentry2.o(.ARM.Collect$$rtentry$$0000000D) for .ARM.Collect$$rtentry$$0000000D
    rtentry4.o(.ARM.Collect$$rtentry$$00000004) refers to sys_stackheap_outer.o(.text) for __user_setup_stackheap
    rtentry4.o(.ARM.exidx) refers to rtentry4.o(.ARM.Collect$$rtentry$$00000004) for .ARM.Collect$$rtentry$$00000004
    sys_stackheap_outer.o(.text) refers to libspace.o(.text) for __user_perproc_libspace
    sys_stackheap_outer.o(.text) refers to init.o(stackheap) for __user_initial_stackheap
    exit.o(.text) refers to rtexit.o(.ARM.Collect$$rtexit$$00000000) for __rt_exit
    libinit.o(.ARM.Collect$$libinit$$00000000) refers (Special) to libinit2.o(.ARM.Collect$$libinit$$0000002C) for __rt_lib_init_alloca_1
    libinit.o(.ARM.Collect$$libinit$$00000000) refers (Special) to libinit2.o(.ARM.Collect$$libinit$$0000002A) for __rt_lib_init_argv_1
    libinit.o(.ARM.Collect$$libinit$$00000000) refers (Special) to libinit2.o(.ARM.Collect$$libinit$$00000019) for __rt_lib_init_atexit_1
    libinit.o(.ARM.Collect$$libinit$$00000000) refers (Special) to libinit2.o(.ARM.Collect$$libinit$$0000001F) for __rt_lib_init_clock_1
    libinit.o(.ARM.Collect$$libinit$$00000000) refers (Special) to libinit2.o(.ARM.Collect$$libinit$$00000030) for __rt_lib_init_cpp_1
    libinit.o(.ARM.Collect$$libinit$$00000000) refers (Special) to libinit2.o(.ARM.Collect$$libinit$$0000002E) for __rt_lib_init_exceptions_1
    libinit.o(.ARM.Collect$$libinit$$00000000) refers (Special) to libinit2.o(.ARM.Collect$$libinit$$00000002) for __rt_lib_init_fp_1
    libinit.o(.ARM.Collect$$libinit$$00000000) refers (Special) to libinit2.o(.ARM.Collect$$libinit$$0000001D) for __rt_lib_init_fp_trap_1
    libinit.o(.ARM.Collect$$libinit$$00000000) refers (Special) to libinit2.o(.ARM.Collect$$libinit$$00000021) for __rt_lib_init_getenv_1
    libinit.o(.ARM.Collect$$libinit$$00000000) refers (Special) to libinit2.o(.ARM.Collect$$libinit$$00000008) for __rt_lib_init_heap_1
    libinit.o(.ARM.Collect$$libinit$$00000000) refers (Special) to libinit2.o(.ARM.Collect$$libinit$$0000000F) for __rt_lib_init_lc_collate_1
    libinit.o(.ARM.Collect$$libinit$$00000000) refers (Special) to libinit2.o(.ARM.Collect$$libinit$$00000011) for __rt_lib_init_lc_ctype_1
    libinit.o(.ARM.Collect$$libinit$$00000000) refers (Special) to libinit2.o(.ARM.Collect$$libinit$$00000013) for __rt_lib_init_lc_monetary_1
    libinit.o(.ARM.Collect$$libinit$$00000000) refers (Special) to libinit2.o(.ARM.Collect$$libinit$$00000015) for __rt_lib_init_lc_numeric_1
    libinit.o(.ARM.Collect$$libinit$$00000000) refers (Special) to libinit2.o(.ARM.Collect$$libinit$$00000017) for __rt_lib_init_lc_time_1
    libinit.o(.ARM.Collect$$libinit$$00000000) refers (Special) to libinit2.o(.ARM.Collect$$libinit$$0000000C) for __rt_lib_init_rand_1
    libinit.o(.ARM.Collect$$libinit$$00000000) refers (Special) to libinit2.o(.ARM.Collect$$libinit$$00000031) for __rt_lib_init_return
    libinit.o(.ARM.Collect$$libinit$$00000000) refers (Special) to libinit2.o(.ARM.Collect$$libinit$$0000001B) for __rt_lib_init_signal_1
    libinit.o(.ARM.Collect$$libinit$$00000000) refers (Special) to libinit2.o(.ARM.Collect$$libinit$$00000023) for __rt_lib_init_stdio_1
    libinit.o(.ARM.Collect$$libinit$$00000000) refers (Special) to libinit2.o(.ARM.Collect$$libinit$$0000000A) for __rt_lib_init_user_alloc_1
    init.o(INIT) refers to startup.o(.text) for CBootInit
    libspace.o(.text) refers to libspace.o(.bss) for __libspace_start
    rtexit.o(.ARM.Collect$$rtexit$$00000000) refers (Special) to rtexit2.o(.ARM.Collect$$rtexit$$00000004) for __rt_exit_exit
    rtexit.o(.ARM.Collect$$rtexit$$00000000) refers (Special) to rtexit2.o(.ARM.Collect$$rtexit$$00000003) for __rt_exit_ls
    rtexit.o(.ARM.Collect$$rtexit$$00000000) refers (Special) to rtexit2.o(.ARM.Collect$$rtexit$$00000002) for __rt_exit_prels_1
    rtexit.o(.ARM.exidx) refers (Special) to rtexit2.o(.ARM.Collect$$rtexit$$00000004) for __rt_exit_exit
    rtexit.o(.ARM.exidx) refers (Special) to rtexit2.o(.ARM.Collect$$rtexit$$00000003) for __rt_exit_ls
    rtexit.o(.ARM.exidx) refers (Special) to rtexit2.o(.ARM.Collect$$rtexit$$00000002) for __rt_exit_prels_1
    rtexit.o(.ARM.exidx) refers to rtexit.o(.ARM.Collect$$rtexit$$00000000) for .ARM.Collect$$rtexit$$00000000
    libinit2.o(.ARM.Collect$$libinit$$00000001) refers to fpinit.o(x$fpl$fpinit) for _fp_init
    libinit2.o(.ARM.Collect$$libinit$$0000000E) refers to libinit2.o(.ARM.Collect$$libinit$$0000000D) for .ARM.Collect$$libinit$$0000000D
    libinit2.o(.ARM.Collect$$libinit$$00000010) refers to libinit2.o(.ARM.Collect$$libinit$$0000000D) for .ARM.Collect$$libinit$$0000000D
    libinit2.o(.ARM.Collect$$libinit$$00000012) refers to libinit2.o(.ARM.Collect$$libinit$$0000000D) for .ARM.Collect$$libinit$$0000000D
    libinit2.o(.ARM.Collect$$libinit$$00000014) refers to libinit2.o(.ARM.Collect$$libinit$$0000000D) for .ARM.Collect$$libinit$$0000000D
    libinit2.o(.ARM.Collect$$libinit$$00000016) refers to libinit2.o(.ARM.Collect$$libinit$$0000000D) for .ARM.Collect$$libinit$$0000000D
    libinit2.o(.ARM.Collect$$libinit$$00000024) refers to argv_veneer.o(.emb_text) for __ARM_argv_veneer
    libinit2.o(.ARM.Collect$$libinit$$00000025) refers to argv_veneer.o(.emb_text) for __ARM_argv_veneer
    startup.o(.text) refers to psc.o(.text) for PSCModuleControl
    startup.o(.text) refers to interrupt.o(.text) for IntAINTCInit
    startup.o(.text) refers to mmu.o(.text) for MMU_init
    startup.o(.text) refers to joy_syscfg.o(.text) for SysCfgRegistersUnlock
    startup.o(.text) refers to __main.o(!!!main) for __main
    startup.o(.text) refers to startup.o(.constdata) for vecTbl
    startup.o(.constdata) refers to init.o(INIT) for Entry
    startup.o(.constdata) refers to exceptionhandler.o(EXCEPTIONS) for UndefInstHandler
    hex_pllc.o(.text) refers to aeabi_sdiv.o(.text_udiv) for __aeabi_uidivmod
    hex_pllc.o(.text) refers to hex_pllc.o(.constdata) for PLLDIV
    rtexit2.o(.ARM.Collect$$rtexit$$00000003) refers to libshutdown.o(.ARM.Collect$$libshutdown$$00000000) for __rt_lib_shutdown
    rtexit2.o(.ARM.Collect$$rtexit$$00000004) refers to sys_exit.o(.text) for _sys_exit
    rtexit2.o(.ARM.exidx) refers to rtexit2.o(.ARM.Collect$$rtexit$$00000001) for .ARM.Collect$$rtexit$$00000001
    rtexit2.o(.ARM.exidx) refers to rtexit2.o(.ARM.Collect$$rtexit$$00000003) for .ARM.Collect$$rtexit$$00000003
    rtexit2.o(.ARM.exidx) refers to rtexit2.o(.ARM.Collect$$rtexit$$00000004) for .ARM.Collect$$rtexit$$00000004
    argv_veneer.o(.emb_text) refers to no_argv.o(.text) for __ARM_get_argv
    exceptionhandler.o(EXCEPTIONS) refers to cpu.o(.text) for CPUAbortHandler
    interrupt.o(.text) refers to cpu.o(.text) for CPUirqe
    interrupt.o(.text) refers to interrupt.o(.bss) for fnRAMVectors
    mmu.o(.text) refers to cp15.o(.text) for CP15_DisableMMU
    mmu.o(.text) refers to cp15_asm.o(cp15) for CP15_WriteTTB
    sys_exit.o(.text) refers (Special) to use_no_semi.o(.text) for __I$use$semihosting
    sys_exit.o(.text) refers (Special) to indicate_semi.o(.text) for __semihosting_library_function
    aeabi_sdiv.o(.text_udiv) refers to aeabi_sdiv.o(.text) for __arm_div2
    aeabi_sdiv_div0.o(.text_udiv) refers to aeabi_sdiv_div0.o(.text) for __arm_div2
    _get_argv_nomalloc.o(.text) refers (Special) to hrguard.o(.text) for __heap_region$guard
    _get_argv_nomalloc.o(.text) refers to defsig_rtmem_outer.o(.text) for __rt_SIGRTMEM
    _get_argv_nomalloc.o(.text) refers to sys_command.o(.text) for _sys_command_string
    libshutdown.o(.ARM.Collect$$libshutdown$$00000000) refers (Special) to libshutdown2.o(.ARM.Collect$$libshutdown$$00000006) for __rt_lib_shutdown_fp_trap_1
    libshutdown.o(.ARM.Collect$$libshutdown$$00000000) refers (Special) to libshutdown2.o(.ARM.Collect$$libshutdown$$0000000E) for __rt_lib_shutdown_heap_1
    libshutdown.o(.ARM.Collect$$libshutdown$$00000000) refers (Special) to libshutdown2.o(.ARM.Collect$$libshutdown$$0000000F) for __rt_lib_shutdown_return
    libshutdown.o(.ARM.Collect$$libshutdown$$00000000) refers (Special) to libshutdown2.o(.ARM.Collect$$libshutdown$$00000009) for __rt_lib_shutdown_signal_1
    libshutdown.o(.ARM.Collect$$libshutdown$$00000000) refers (Special) to libshutdown2.o(.ARM.Collect$$libshutdown$$00000003) for __rt_lib_shutdown_stdio_1
    libshutdown.o(.ARM.Collect$$libshutdown$$00000000) refers (Special) to libshutdown2.o(.ARM.Collect$$libshutdown$$0000000B) for __rt_lib_shutdown_user_alloc_1
    cp15.o(.text) refers to cp15_asm.o(cp15) for CP15_ReadControl
    sys_command.o(.text) refers (Special) to use_no_semi.o(.text) for __I$use$semihosting
    sys_command.o(.text) refers (Special) to indicate_semi.o(.text) for __semihosting_library_function
    aeabi_idiv0_sigfpe.o(.text) refers to rt_div0.o(.text) for __rt_div0
    defsig_rtmem_outer.o(.text) refers to defsig_rtmem_inner.o(.text) for __rt_SIGRTMEM_inner
    defsig_rtmem_outer.o(.text) refers to defsig_exit.o(.text) for __sig_exit
    defsig_rtmem_formal.o(.text) refers to rt_raise.o(.text) for __rt_raise
    rt_div0.o(.text) refers to defsig_fpe_outer.o(.text) for __rt_SIGFPE
    rt_raise.o(.text) refers to __raise.o(.text) for __raise
    rt_raise.o(.text) refers to sys_exit.o(.text) for _sys_exit
    defsig_exit.o(.text) refers to sys_exit.o(.text) for _sys_exit
    defsig_rtmem_inner.o(.text) refers to defsig_general.o(.text) for __default_signal_display
    __raise.o(.text) refers to defsig.o(CL$$defsig) for __default_signal_handler
    defsig_general.o(.text) refers to sys_wrch.o(.text) for _ttywrch
    defsig_fpe_outer.o(.text) refers to defsig_fpe_inner.o(.text) for __rt_SIGFPE_inner
    defsig_fpe_outer.o(.text) refers to defsig_exit.o(.text) for __sig_exit
    defsig_fpe_formal.o(.text) refers to rt_raise.o(.text) for __rt_raise
    sys_wrch.o(.text) refers (Special) to use_no_semi.o(.text) for __I$use$semihosting
    sys_wrch.o(.text) refers (Special) to indicate_semi.o(.text) for __semihosting_library_function
    defsig_fpe_inner.o(.text) refers to defsig_general.o(.text) for __default_signal_display
    defsig.o(CL$$defsig) refers to defsig_fpe_inner.o(.text) for __rt_SIGFPE_inner
    defsig.o(CL$$defsig) refers to defsig_rtmem_inner.o(.text) for __rt_SIGRTMEM_inner
    defsig_abrt_inner.o(.text) refers to defsig_general.o(.text) for __default_signal_display
    defsig_rtred_inner.o(.text) refers to defsig_general.o(.text) for __default_signal_display
    defsig_stak_inner.o(.text) refers to defsig_general.o(.text) for __default_signal_display
    defsig_pvfn_inner.o(.text) refers to defsig_general.o(.text) for __default_signal_display
    defsig_cppl_inner.o(.text) refers to defsig_general.o(.text) for __default_signal_display
    defsig_segv_inner.o(.text) refers to defsig_general.o(.text) for __default_signal_display
    defsig_other.o(.text) refers to defsig_general.o(.text) for __default_signal_display


==============================================================================

Removing Unused input sections from the image.

    Removing hex_ddrc.o(.text), (4 bytes).
    Removing hex_pllc.o(.text), (144 bytes).
    Removing hex_pllc.o(.constdata), (12 bytes).

3 unused section(s) (total 160 bytes) removed from the image.

==============================================================================

Image Symbol Table

    Local Symbols

    Symbol Name                              Value     Ov Type        Size  Object(Section)

    ../clib/angel/boardlib.s                 0x00000000   Number         0  boardinit1.o ABSOLUTE
    ../clib/angel/boardlib.s                 0x00000000   Number         0  boardinit2.o ABSOLUTE
    ../clib/angel/boardlib.s                 0x00000000   Number         0  boardinit3.o ABSOLUTE
    ../clib/angel/boardlib.s                 0x00000000   Number         0  boardshut.o ABSOLUTE
    ../clib/angel/handlers.s                 0x00000000   Number         0  __scatter_zi.o ABSOLUTE
    ../clib/angel/kernel.s                   0x00000000   Number         0  rtentry.o ABSOLUTE
    ../clib/angel/kernel.s                   0x00000000   Number         0  rtentry2.o ABSOLUTE
    ../clib/angel/kernel.s                   0x00000000   Number         0  rtentry4.o ABSOLUTE
    ../clib/angel/kernel.s                   0x00000000   Number         0  rtexit.o ABSOLUTE
    ../clib/angel/kernel.s                   0x00000000   Number         0  rtexit2.o ABSOLUTE
    ../clib/angel/rt.s                       0x00000000   Number         0  aeabi_idiv0.o ABSOLUTE
    ../clib/angel/rt.s                       0x00000000   Number         0  rt_div0.o ABSOLUTE
    ../clib/angel/rt.s                       0x00000000   Number         0  rt_raise.o ABSOLUTE
    ../clib/angel/rt.s                       0x00000000   Number         0  aeabi_idiv0_sigfpe.o ABSOLUTE
    ../clib/angel/scatter.s                  0x00000000   Number         0  __scatter.o ABSOLUTE
    ../clib/angel/startup.s                  0x00000000   Number         0  __main.o ABSOLUTE
    ../clib/angel/sys.s                      0x00000000   Number         0  indicate_semi.o ABSOLUTE
    ../clib/angel/sys.s                      0x00000000   Number         0  libspace.o ABSOLUTE
    ../clib/angel/sys.s                      0x00000000   Number         0  sys_stackheap_outer.o ABSOLUTE
    ../clib/angel/sys.s                      0x00000000   Number         0  use_no_semi.o ABSOLUTE
    ../clib/angel/sysapp.c                   0x00000000   Number         0  sys_wrch.o ABSOLUTE
    ../clib/angel/sysapp.c                   0x00000000   Number         0  sys_command.o ABSOLUTE
    ../clib/angel/sysapp.c                   0x00000000   Number         0  sys_exit.o ABSOLUTE
    ../clib/armsys.c                         0x00000000   Number         0  argv_veneer.o ABSOLUTE
    ../clib/armsys.c                         0x00000000   Number         0  argv_veneer.o ABSOLUTE
    ../clib/armsys.c                         0x00000000   Number         0  no_argv.o ABSOLUTE
    ../clib/armsys.c                         0x00000000   Number         0  _get_argv_nomalloc.o ABSOLUTE
    ../clib/division.s                       0x00000000   Number         0  aeabi_sdiv_div0.o ABSOLUTE
    ../clib/division.s                       0x00000000   Number         0  aeabi_sdiv.o ABSOLUTE
    ../clib/divrt.s                          0x00000000   Number         0  divrt_9e.o ABSOLUTE
    ../clib/divrt.s                          0x00000000   Number         0  divrt_9e_div0.o ABSOLUTE
    ../clib/heapalloc.c                      0x00000000   Number         0  hrguard.o ABSOLUTE
    ../clib/libinit.s                        0x00000000   Number         0  libinit2.o ABSOLUTE
    ../clib/libinit.s                        0x00000000   Number         0  libinit.o ABSOLUTE
    ../clib/libinit.s                        0x00000000   Number         0  libshutdown.o ABSOLUTE
    ../clib/libinit.s                        0x00000000   Number         0  libshutdown2.o ABSOLUTE
    ../clib/signal.c                         0x00000000   Number         0  defsig_rtmem_outer.o ABSOLUTE
    ../clib/signal.c                         0x00000000   Number         0  __raise.o ABSOLUTE
    ../clib/signal.c                         0x00000000   Number         0  defsig_other.o ABSOLUTE
    ../clib/signal.c                         0x00000000   Number         0  defsig_segv_inner.o ABSOLUTE
    ../clib/signal.c                         0x00000000   Number         0  defsig_cppl_inner.o ABSOLUTE
    ../clib/signal.c                         0x00000000   Number         0  defsig_pvfn_inner.o ABSOLUTE
    ../clib/signal.c                         0x00000000   Number         0  defsig_stak_inner.o ABSOLUTE
    ../clib/signal.c                         0x00000000   Number         0  defsig_rtred_inner.o ABSOLUTE
    ../clib/signal.c                         0x00000000   Number         0  defsig_fpe_inner.o ABSOLUTE
    ../clib/signal.c                         0x00000000   Number         0  defsig_fpe_outer.o ABSOLUTE
    ../clib/signal.c                         0x00000000   Number         0  defsig_general.o ABSOLUTE
    ../clib/signal.c                         0x00000000   Number         0  defsig_rtmem_inner.o ABSOLUTE
    ../clib/signal.c                         0x00000000   Number         0  defsig_exit.o ABSOLUTE
    ../clib/signal.c                         0x00000000   Number         0  defsig_fpe_formal.o ABSOLUTE
    ../clib/signal.c                         0x00000000   Number         0  defsig_abrt_inner.o ABSOLUTE
    ../clib/signal.c                         0x00000000   Number         0  defsig_rtmem_formal.o ABSOLUTE
    ../clib/signal.s                         0x00000000   Number         0  defsig.o ABSOLUTE
    ../clib/stdlib.c                         0x00000000   Number         0  exit.o ABSOLUTE
    ../fplib/fpinit.s                        0x00000000   Number         0  fpinit.o ABSOLUTE
    ..\..\..\drivers\cp15.c                  0x00000000   Number         0  cp15.o ABSOLUTE
    ..\..\..\drivers\cp15_asm.s              0x00000000   Number         0  cp15_asm.o ABSOLUTE
    ..\..\..\drivers\mmu.c                   0x00000000   Number         0  mmu.o ABSOLUTE
    ..\..\..\drivers\psc.c                   0x00000000   Number         0  psc.o ABSOLUTE
    ..\..\..\hexdrv\hex_ddrc.c               0x00000000   Number         0  hex_ddrc.o ABSOLUTE
    ..\..\..\hexdrv\hex_pllc.c               0x00000000   Number         0  hex_pllc.o ABSOLUTE
    ..\..\..\platform\joyce\joy_syscfg.c     0x00000000   Number         0  joy_syscfg.o ABSOLUTE
    ..\..\..\system_config\armv5\am1808\cgt\exceptionhandler.asm 0x00000000   Number         0  exceptionhandler.o ABSOLUTE
    ..\..\..\system_config\armv5\am1808\interrupt.c 0x00000000   Number         0  interrupt.o ABSOLUTE
    ..\..\..\system_config\armv5\am1808\startup.c 0x00000000   Number         0  startup.o ABSOLUTE
    ..\..\..\system_config\armv5\cgt\cpu.c   0x00000000   Number         0  cpu.o ABSOLUTE
    ..\..\..\system_config\armv5\cgt\init.asm 0x00000000   Number         0  init.o ABSOLUTE
    dc.s                                     0x00000000   Number         0  dc.o ABSOLUTE
    main.c                                   0x00000000   Number         0  main.o ABSOLUTE
    INIT                                     0xc0000000   Section      128  init.o(INIT)
    !!!main                                  0xc0000080   Section        8  __main.o(!!!main)
    !!!scatter                               0xc0000088   Section       60  __scatter.o(!!!scatter)
    !!handler_zi                             0xc00000c4   Section       44  __scatter_zi.o(!!handler_zi)
    .ARM.Collect$$libinit$$00000000          0xc00000f0   Section        2  libinit.o(.ARM.Collect$$libinit$$00000000)
    .ARM.Collect$$libinit$$00000002          0xc00000f2   Section        0  libinit2.o(.ARM.Collect$$libinit$$00000002)
    .ARM.Collect$$libinit$$00000008          0xc00000f2   Section        0  libinit2.o(.ARM.Collect$$libinit$$00000008)
    .ARM.Collect$$libinit$$0000000A          0xc00000f2   Section        0  libinit2.o(.ARM.Collect$$libinit$$0000000A)
    .ARM.Collect$$libinit$$0000000C          0xc00000f2   Section        0  libinit2.o(.ARM.Collect$$libinit$$0000000C)
    .ARM.Collect$$libinit$$0000000F          0xc00000f2   Section        0  libinit2.o(.ARM.Collect$$libinit$$0000000F)
    .ARM.Collect$$libinit$$00000011          0xc00000f2   Section        0  libinit2.o(.ARM.Collect$$libinit$$00000011)
    .ARM.Collect$$libinit$$00000013          0xc00000f2   Section        0  libinit2.o(.ARM.Collect$$libinit$$00000013)
    .ARM.Collect$$libinit$$00000015          0xc00000f2   Section        0  libinit2.o(.ARM.Collect$$libinit$$00000015)
    .ARM.Collect$$libinit$$00000017          0xc00000f2   Section        0  libinit2.o(.ARM.Collect$$libinit$$00000017)
    .ARM.Collect$$libinit$$00000019          0xc00000f2   Section        0  libinit2.o(.ARM.Collect$$libinit$$00000019)
    .ARM.Collect$$libinit$$0000001B          0xc00000f2   Section        0  libinit2.o(.ARM.Collect$$libinit$$0000001B)
    .ARM.Collect$$libinit$$0000001D          0xc00000f2   Section        0  libinit2.o(.ARM.Collect$$libinit$$0000001D)
    .ARM.Collect$$libinit$$0000001F          0xc00000f2   Section        0  libinit2.o(.ARM.Collect$$libinit$$0000001F)
    .ARM.Collect$$libinit$$00000021          0xc00000f2   Section        0  libinit2.o(.ARM.Collect$$libinit$$00000021)
    .ARM.Collect$$libinit$$00000023          0xc00000f2   Section        0  libinit2.o(.ARM.Collect$$libinit$$00000023)
    .ARM.Collect$$libinit$$0000002A          0xc00000f2   Section        0  libinit2.o(.ARM.Collect$$libinit$$0000002A)
    .ARM.Collect$$libinit$$0000002C          0xc00000f2   Section        0  libinit2.o(.ARM.Collect$$libinit$$0000002C)
    .ARM.Collect$$libinit$$0000002E          0xc00000f2   Section        0  libinit2.o(.ARM.Collect$$libinit$$0000002E)
    .ARM.Collect$$libinit$$00000030          0xc00000f2   Section        0  libinit2.o(.ARM.Collect$$libinit$$00000030)
    .ARM.Collect$$libinit$$00000031          0xc00000f2   Section        2  libinit2.o(.ARM.Collect$$libinit$$00000031)
    .ARM.Collect$$libshutdown$$00000000      0xc00000f4   Section        2  libshutdown.o(.ARM.Collect$$libshutdown$$00000000)
    .ARM.Collect$$libshutdown$$00000003      0xc00000f6   Section        0  libshutdown2.o(.ARM.Collect$$libshutdown$$00000003)
    .ARM.Collect$$libshutdown$$00000006      0xc00000f6   Section        0  libshutdown2.o(.ARM.Collect$$libshutdown$$00000006)
    .ARM.Collect$$libshutdown$$00000009      0xc00000f6   Section        0  libshutdown2.o(.ARM.Collect$$libshutdown$$00000009)
    .ARM.Collect$$libshutdown$$0000000B      0xc00000f6   Section        0  libshutdown2.o(.ARM.Collect$$libshutdown$$0000000B)
    .ARM.Collect$$libshutdown$$0000000E      0xc00000f6   Section        0  libshutdown2.o(.ARM.Collect$$libshutdown$$0000000E)
    .ARM.Collect$$libshutdown$$0000000F      0xc00000f6   Section        2  libshutdown2.o(.ARM.Collect$$libshutdown$$0000000F)
    .ARM.Collect$$rtentry$$00000000          0xc00000f8   Section        0  rtentry.o(.ARM.Collect$$rtentry$$00000000)
    .ARM.Collect$$rtentry$$00000002          0xc00000f8   Section        0  rtentry2.o(.ARM.Collect$$rtentry$$00000002)
    .ARM.Collect$$rtentry$$00000004          0xc00000f8   Section        8  rtentry4.o(.ARM.Collect$$rtentry$$00000004)
    .ARM.Collect$$rtentry$$00000009          0xc0000100   Section        0  rtentry2.o(.ARM.Collect$$rtentry$$00000009)
    .ARM.Collect$$rtentry$$0000000A          0xc0000100   Section        4  rtentry2.o(.ARM.Collect$$rtentry$$0000000A)
    .ARM.Collect$$rtentry$$0000000C          0xc0000104   Section        0  rtentry2.o(.ARM.Collect$$rtentry$$0000000C)
    .ARM.Collect$$rtentry$$0000000D          0xc0000104   Section       40  rtentry2.o(.ARM.Collect$$rtentry$$0000000D)
    .ARM.Collect$$rtexit$$00000000           0xc000012c   Section        4  rtexit.o(.ARM.Collect$$rtexit$$00000000)
    .ARM.Collect$$rtexit$$00000002           0xc0000130   Section        0  rtexit2.o(.ARM.Collect$$rtexit$$00000002)
    .ARM.Collect$$rtexit$$00000003           0xc0000130   Section        4  rtexit2.o(.ARM.Collect$$rtexit$$00000003)
    .ARM.Collect$$rtexit$$00000004           0xc0000134   Section        8  rtexit2.o(.ARM.Collect$$rtexit$$00000004)
    .text                                    0xc000013c   Section        0  main.o(.text)
    .text                                    0xc0000144   Section       96  sys_stackheap_outer.o(.text)
    .text                                    0xc00001a4   Section        0  exit.o(.text)
    .text                                    0xc00001b0   Section       12  libspace.o(.text)
    .text                                    0xc00001bc   Section        0  startup.o(.text)
    SetupAINTCInt                            0xc00001bc   ARM Code      48  startup.o(.text)
    SystemInit                               0xc00001ec   ARM Code      24  startup.o(.text)
    CopyVectorTable                          0xc0000204   ARM Code      40  startup.o(.text)
    .text                                    0xc0000270   Section        0  psc.o(.text)
    .text                                    0xc0000374   Section        0  interrupt.o(.text)
    IntDefaultHandler                        0xc0000374   ARM Code       8  interrupt.o(.text)
    .text                                    0xc00005e0   Section        0  mmu.o(.text)
    .text                                    0xc0000768   Section        0  joy_syscfg.o(.text)
    .text                                    0xc00007a0   Section        0  sys_exit.o(.text)
    .text                                    0xc00007ac   Section        0  cpu.o(.text)
    delay                                    0xc00007cc   ARM Code      32  cpu.o(.text)
    .text                                    0xc0000844   Section        0  cp15.o(.text)
    .text                                    0xc0000ac0   Section        4  use_no_semi.o(.text)
    .text                                    0xc0000ac4   Section        0  indicate_semi.o(.text)
    EXCEPTIONS                               0xc0000ac4   Section      176  exceptionhandler.o(EXCEPTIONS)
    cp15                                     0xc0000b74   Section      944  cp15_asm.o(cp15)
    stackheap                                0xc0000f24   Section       36  init.o(stackheap)
    .constdata                               0xc0000f48   Section       56  startup.o(.constdata)
    vecTbl                                   0xc0000f48   Data          56  startup.o(.constdata)
    .bss                                     0xc0900000   Section       96  libspace.o(.bss)
    .bss                                     0xc0900060   Section      404  interrupt.o(.bss)
    fnRAMVectors                             0xc0900060   Data         404  interrupt.o(.bss)

    Global Symbols

    Symbol Name                              Value     Ov Type        Size  Object(Section)

    BuildAttributes$$THM_ISAv2$ARM_ISAv5$E$P$J$S$PE$A:L22$X:L11$S22$IEEE1$IW$USESV6$~STKCKD$USESV7$~SHL$OSPACE$ROPI$EBA8$UX$STANDARDLIB$REQ8$PRES8$EABIv2 0x00000000   Number         0  anon$$obj.o ABSOLUTE
    __ARM_use_no_argv                        0x00000000   Number         0  main.o ABSOLUTE
    __ARM_exceptions_init                     - Undefined Weak Reference
    __alloca_initialize                       - Undefined Weak Reference
    __cpp_initialize__aeabi_                  - Undefined Weak Reference
    __cxa_finalize                            - Undefined Weak Reference
    __rt_locale                               - Undefined Weak Reference
    __sigvec_lookup                           - Undefined Weak Reference
    _atexit_init                              - Undefined Weak Reference
    _call_atexit_fns                          - Undefined Weak Reference
    _clock_init                               - Undefined Weak Reference
    _fp_trap_init                             - Undefined Weak Reference
    _fp_trap_shutdown                         - Undefined Weak Reference
    _get_lc_collate                           - Undefined Weak Reference
    _get_lc_ctype                             - Undefined Weak Reference
    _get_lc_monetary                          - Undefined Weak Reference
    _get_lc_numeric                           - Undefined Weak Reference
    _get_lc_time                              - Undefined Weak Reference
    _getenv_init                              - Undefined Weak Reference
    _handle_redirection                       - Undefined Weak Reference
    _init_alloc                               - Undefined Weak Reference
    _init_user_alloc                          - Undefined Weak Reference
    _initio                                   - Undefined Weak Reference
    _rand_init                                - Undefined Weak Reference
    _signal_finish                            - Undefined Weak Reference
    _signal_init                              - Undefined Weak Reference
    _terminate_alloc                          - Undefined Weak Reference
    _terminate_user_alloc                     - Undefined Weak Reference
    _terminateio                              - Undefined Weak Reference
    Entry                                    0xc0000000   ARM Code       0  init.o(INIT)
    __main                                   0xc0000080   ARM Code       8  __main.o(!!!main)
    __scatterload                            0xc0000088   ARM Code       0  __scatter.o(!!!scatter)
    __scatterload_rt2                        0xc0000088   ARM Code      52  __scatter.o(!!!scatter)
    __scatterload_null                       0xc000009c   ARM Code       0  __scatter.o(!!!scatter)
    __scatterload_zeroinit                   0xc00000c4   ARM Code      44  __scatter_zi.o(!!handler_zi)
    __rt_lib_init                            0xc00000f1   Thumb Code     0  libinit.o(.ARM.Collect$$libinit$$00000000)
    __rt_lib_init_alloca_1                   0xc00000f3   Thumb Code     0  libinit2.o(.ARM.Collect$$libinit$$0000002C)
    __rt_lib_init_argv_1                     0xc00000f3   Thumb Code     0  libinit2.o(.ARM.Collect$$libinit$$0000002A)
    __rt_lib_init_atexit_1                   0xc00000f3   Thumb Code     0  libinit2.o(.ARM.Collect$$libinit$$00000019)
    __rt_lib_init_clock_1                    0xc00000f3   Thumb Code     0  libinit2.o(.ARM.Collect$$libinit$$0000001F)
    __rt_lib_init_cpp_1                      0xc00000f3   Thumb Code     0  libinit2.o(.ARM.Collect$$libinit$$00000030)
    __rt_lib_init_exceptions_1               0xc00000f3   Thumb Code     0  libinit2.o(.ARM.Collect$$libinit$$0000002E)
    __rt_lib_init_fp_1                       0xc00000f3   Thumb Code     0  libinit2.o(.ARM.Collect$$libinit$$00000002)
    __rt_lib_init_fp_trap_1                  0xc00000f3   Thumb Code     0  libinit2.o(.ARM.Collect$$libinit$$0000001D)
    __rt_lib_init_getenv_1                   0xc00000f3   Thumb Code     0  libinit2.o(.ARM.Collect$$libinit$$00000021)
    __rt_lib_init_heap_1                     0xc00000f3   Thumb Code     0  libinit2.o(.ARM.Collect$$libinit$$00000008)
    __rt_lib_init_lc_collate_1               0xc00000f3   Thumb Code     0  libinit2.o(.ARM.Collect$$libinit$$0000000F)
    __rt_lib_init_lc_ctype_1                 0xc00000f3   Thumb Code     0  libinit2.o(.ARM.Collect$$libinit$$00000011)
    __rt_lib_init_lc_monetary_1              0xc00000f3   Thumb Code     0  libinit2.o(.ARM.Collect$$libinit$$00000013)
    __rt_lib_init_lc_numeric_1               0xc00000f3   Thumb Code     0  libinit2.o(.ARM.Collect$$libinit$$00000015)
    __rt_lib_init_lc_time_1                  0xc00000f3   Thumb Code     0  libinit2.o(.ARM.Collect$$libinit$$00000017)
    __rt_lib_init_rand_1                     0xc00000f3   Thumb Code     0  libinit2.o(.ARM.Collect$$libinit$$0000000C)
    __rt_lib_init_return                     0xc00000f3   Thumb Code     0  libinit2.o(.ARM.Collect$$libinit$$00000031)
    __rt_lib_init_signal_1                   0xc00000f3   Thumb Code     0  libinit2.o(.ARM.Collect$$libinit$$0000001B)
    __rt_lib_init_stdio_1                    0xc00000f3   Thumb Code     0  libinit2.o(.ARM.Collect$$libinit$$00000023)
    __rt_lib_init_user_alloc_1               0xc00000f3   Thumb Code     0  libinit2.o(.ARM.Collect$$libinit$$0000000A)
    __rt_lib_shutdown                        0xc00000f5   Thumb Code     0  libshutdown.o(.ARM.Collect$$libshutdown$$00000000)
    __rt_lib_shutdown_fp_trap_1              0xc00000f7   Thumb Code     0  libshutdown2.o(.ARM.Collect$$libshutdown$$00000006)
    __rt_lib_shutdown_heap_1                 0xc00000f7   Thumb Code     0  libshutdown2.o(.ARM.Collect$$libshutdown$$0000000E)
    __rt_lib_shutdown_return                 0xc00000f7   Thumb Code     0  libshutdown2.o(.ARM.Collect$$libshutdown$$0000000F)
    __rt_lib_shutdown_signal_1               0xc00000f7   Thumb Code     0  libshutdown2.o(.ARM.Collect$$libshutdown$$00000009)
    __rt_lib_shutdown_stdio_1                0xc00000f7   Thumb Code     0  libshutdown2.o(.ARM.Collect$$libshutdown$$00000003)
    __rt_lib_shutdown_user_alloc_1           0xc00000f7   Thumb Code     0  libshutdown2.o(.ARM.Collect$$libshutdown$$0000000B)
    __rt_entry                               0xc00000f8   ARM Code       0  rtentry.o(.ARM.Collect$$rtentry$$00000000)
    __rt_entry_presh_1                       0xc00000f8   ARM Code       0  rtentry2.o(.ARM.Collect$$rtentry$$00000002)
    __rt_entry_sh                            0xc00000f8   ARM Code       0  rtentry4.o(.ARM.Collect$$rtentry$$00000004)
    __rt_entry_li                            0xc0000100   ARM Code       0  rtentry2.o(.ARM.Collect$$rtentry$$0000000A)
    __rt_entry_postsh_1                      0xc0000100   ARM Code       0  rtentry2.o(.ARM.Collect$$rtentry$$00000009)
    __rt_entry_main                          0xc0000104   ARM Code       0  rtentry2.o(.ARM.Collect$$rtentry$$0000000D)
    __rt_entry_postli_1                      0xc0000104   ARM Code       0  rtentry2.o(.ARM.Collect$$rtentry$$0000000C)
    __rt_exit                                0xc000012c   ARM Code       0  rtexit.o(.ARM.Collect$$rtexit$$00000000)
    __rt_exit_ls                             0xc0000130   ARM Code       0  rtexit2.o(.ARM.Collect$$rtexit$$00000003)
    __rt_exit_prels_1                        0xc0000130   ARM Code       0  rtexit2.o(.ARM.Collect$$rtexit$$00000002)
    __rt_exit_exit                           0xc0000134   ARM Code       0  rtexit2.o(.ARM.Collect$$rtexit$$00000004)
    main                                     0xc000013c   ARM Code       8  main.o(.text)
    __user_setup_stackheap                   0xc0000144   ARM Code      96  sys_stackheap_outer.o(.text)
    exit                                     0xc00001a5   Thumb Code    12  exit.o(.text)
    __user_libspace                          0xc00001b0   ARM Code      12  libspace.o(.text)
    __user_perproc_libspace                  0xc00001b0   ARM Code       0  libspace.o(.text)
    __user_perthread_libspace                0xc00001b0   ARM Code       0  libspace.o(.text)
    CBootInit                                0xc000022c   ARM Code      44  startup.o(.text)
    BootAbort                                0xc0000258   ARM Code       8  startup.o(.text)
    PSCModuleControl                         0xc0000270   ARM Code     260  psc.o(.text)
    IntRegister                              0xc000037c   ARM Code      12  interrupt.o(.text)
    IntUnRegister                            0xc0000388   ARM Code      16  interrupt.o(.text)
    IntChannelSet                            0xc0000398   ARM Code      16  interrupt.o(.text)
    IntChannelGet                            0xc00003a8   ARM Code      20  interrupt.o(.text)
    IntGlobalEnable                          0xc00003bc   ARM Code      16  interrupt.o(.text)
    IntGlobalDisable                         0xc00003cc   ARM Code      24  interrupt.o(.text)
    IntSystemEnable                          0xc00003e4   ARM Code      32  interrupt.o(.text)
    IntSystemDisable                         0xc0000404   ARM Code      28  interrupt.o(.text)
    IntSystemStatusClear                     0xc0000420   ARM Code      28  interrupt.o(.text)
    IntSystemStatusRawGet                    0xc000043c   ARM Code      32  interrupt.o(.text)
    IntSystemStatusEnabledGet                0xc000045c   ARM Code      32  interrupt.o(.text)
    IntIRQEnable                             0xc000047c   ARM Code      24  interrupt.o(.text)
    IntIRQDisable                            0xc0000494   ARM Code      24  interrupt.o(.text)
    IntFIQEnable                             0xc00004ac   ARM Code      24  interrupt.o(.text)
    IntFIQDisable                            0xc00004c4   ARM Code      24  interrupt.o(.text)
    IntAINTCInit                             0xc00004dc   ARM Code     116  interrupt.o(.text)
    IntMasterIRQEnable                       0xc0000550   ARM Code      12  interrupt.o(.text)
    IntMasterIRQDisable                      0xc000055c   ARM Code      12  interrupt.o(.text)
    IntMasterFIQEnable                       0xc0000568   ARM Code      12  interrupt.o(.text)
    IntMasterFIQDisable                      0xc0000574   ARM Code      12  interrupt.o(.text)
    IntMasterStatusGet                       0xc0000580   ARM Code      12  interrupt.o(.text)
    IntDisable                               0xc000058c   ARM Code      24  interrupt.o(.text)
    IntEnable                                0xc00005a4   ARM Code      24  interrupt.o(.text)
    MMU_init                                 0xc00005e0   ARM Code     372  mmu.o(.text)
    SysCfgRegistersUnlock                    0xc0000768   ARM Code      24  joy_syscfg.o(.text)
    SysCfgRegistersLock                      0xc0000780   ARM Code      20  joy_syscfg.o(.text)
    _sys_exit                                0xc00007a1   Thumb Code     8  sys_exit.o(.text)
    CPUSwitchToPrivilegedMode                0xc00007ac   ARM Code      12  cpu.o(.text)
    CPUSwitchToUserMode                      0xc00007b8   ARM Code      20  cpu.o(.text)
    CPUAbortHandler                          0xc00007ec   ARM Code       8  cpu.o(.text)
    CPUIntStatus                             0xc00007f4   ARM Code      16  cpu.o(.text)
    CPUirqd                                  0xc0000804   ARM Code      16  cpu.o(.text)
    CPUirqe                                  0xc0000814   ARM Code      16  cpu.o(.text)
    CPUfiqd                                  0xc0000824   ARM Code      16  cpu.o(.text)
    CPUfiqe                                  0xc0000834   ARM Code      16  cpu.o(.text)
    CP15_ConfigSR                            0xc0000844   ARM Code      72  cp15.o(.text)
    CP15_ConfigRR                            0xc000088c   ARM Code      48  cp15.o(.text)
    CP15_EnableWB                            0xc00008bc   ARM Code      28  cp15.o(.text)
    CP15_DisableWB                           0xc00008d8   ARM Code      28  cp15.o(.text)
    CP15_ARMVCT_high                         0xc00008f4   ARM Code      28  cp15.o(.text)
    CP15_IsIcacheEnabled                     0xc0000910   ARM Code      24  cp15.o(.text)
    CP15_EnableIcache                        0xc0000928   ARM Code      36  cp15.o(.text)
    CP15_DisableIcache                       0xc000094c   ARM Code      36  cp15.o(.text)
    CP15_IsMMUEnabled                        0xc0000970   ARM Code      20  cp15.o(.text)
    CP15_EnableMMU                           0xc0000984   ARM Code      36  cp15.o(.text)
    CP15_DisableMMU                          0xc00009a8   ARM Code      40  cp15.o(.text)
    CP15_IsDcacheEnabled                     0xc00009d0   ARM Code      20  cp15.o(.text)
    CP15_EnableDcache                        0xc00009e4   ARM Code      48  cp15.o(.text)
    CP15_DisableDcache                       0xc0000a14   ARM Code      36  cp15.o(.text)
    CP15_LockIcache                          0xc0000a38   ARM Code      56  cp15.o(.text)
    CP15_LockDcache                          0xc0000a70   ARM Code      56  cp15.o(.text)
    CP15_ShutdownDcache                      0xc0000aa8   ARM Code      24  cp15.o(.text)
    __I$use$semihosting                      0xc0000ac0   ARM Code       0  use_no_semi.o(.text)
    __use_no_semihosting_swi                 0xc0000ac0   ARM Code       4  use_no_semi.o(.text)
    __semihosting_library_function           0xc0000ac4   ARM Code       0  indicate_semi.o(.text)
    SWIHandler                               0xc0000ac8   ARM Code       0  exceptionhandler.o(EXCEPTIONS)
    IRQHandler                               0xc0000ae8   ARM Code       0  exceptionhandler.o(EXCEPTIONS)
    FIQHandler                               0xc0000b04   ARM Code       0  exceptionhandler.o(EXCEPTIONS)
    AbortHandler                             0xc0000b20   ARM Code       0  exceptionhandler.o(EXCEPTIONS)
    UndefInstHandler                         0xc0000b4c   ARM Code       0  exceptionhandler.o(EXCEPTIONS)
    CP15_ReadID                              0xc0000b74   ARM Code       0  cp15_asm.o(cp15)
    CP15_ReadCacheType                       0xc0000b80   ARM Code       0  cp15_asm.o(cp15)
    CP15_ReadTCMStatus                       0xc0000b8c   ARM Code       0  cp15_asm.o(cp15)
    CP15_ReadControl                         0xc0000b98   ARM Code       0  cp15_asm.o(cp15)
    CP15_WriteControl                        0xc0000ba4   ARM Code       0  cp15_asm.o(cp15)
    CP15_ReadTTB                             0xc0000bcc   ARM Code       0  cp15_asm.o(cp15)
    CP15_WriteTTB                            0xc0000bd8   ARM Code       0  cp15_asm.o(cp15)
    CP15_ReadDomainAccessControl             0xc0000c00   ARM Code       0  cp15_asm.o(cp15)
    CP15_WriteDomainAccessControl            0xc0000c0c   ARM Code       0  cp15_asm.o(cp15)
    CP15_ReadDFSR                            0xc0000c34   ARM Code       0  cp15_asm.o(cp15)
    CP15_ReadIFSR                            0xc0000c48   ARM Code       0  cp15_asm.o(cp15)
    CP15_ReadFAR                             0xc0000c5c   ARM Code       0  cp15_asm.o(cp15)
    CP15_InvalidateIDcache                   0xc0000c70   ARM Code       0  cp15_asm.o(cp15)
    CP15_InvalidateIcache                    0xc0000c9c   ARM Code       0  cp15_asm.o(cp15)
    CP15_InvalidateDcache                    0xc0000cc8   ARM Code       0  cp15_asm.o(cp15)
    CP15_PrefetchIcacheLine                  0xc0000cf4   ARM Code       0  cp15_asm.o(cp15)
    CP15_TestCleanInvalidateDcache           0xc0000cfc   ARM Code       0  cp15_asm.o(cp15)
    CP15_DrainWriteBuffer                    0xc0000d08   ARM Code       0  cp15_asm.o(cp15)
    CP15_WaitForInterrupt                    0xc0000d14   ARM Code       0  cp15_asm.o(cp15)
    CP15_InvalidateTLB                       0xc0000d20   ARM Code       0  cp15_asm.o(cp15)
    CP15_InvalidateTLBMVA                    0xc0000d2c   ARM Code       0  cp15_asm.o(cp15)
    CP15_InvalidateITLB                      0xc0000d34   ARM Code       0  cp15_asm.o(cp15)
    CP15_InvalidateITLBMVA                   0xc0000d40   ARM Code       0  cp15_asm.o(cp15)
    CP15_InvalidateDTLB                      0xc0000d48   ARM Code       0  cp15_asm.o(cp15)
    CP15_InvalidateDTLBMVA                   0xc0000d54   ARM Code       0  cp15_asm.o(cp15)
    CP15_ReadDcacheLockdown                  0xc0000d5c   ARM Code       0  cp15_asm.o(cp15)
    CP15_WriteDcacheLockdown                 0xc0000d68   ARM Code       0  cp15_asm.o(cp15)
    CP15_ReadIcacheLockdown                  0xc0000d90   ARM Code       0  cp15_asm.o(cp15)
    CP15_WriteIcacheLockdown                 0xc0000d9c   ARM Code       0  cp15_asm.o(cp15)
    CP15_ReadTLBLockdown                     0xc0000dc4   ARM Code       0  cp15_asm.o(cp15)
    CP15_WriteTLBLockdown                    0xc0000dd0   ARM Code       0  cp15_asm.o(cp15)
    CP15_ReadFCSE_PID                        0xc0000df8   ARM Code       0  cp15_asm.o(cp15)
    CP15_WriteFCSE_PID                       0xc0000e04   ARM Code       0  cp15_asm.o(cp15)
    CP15_ReadC5                              0xc0000e0c   ARM Code       0  cp15_asm.o(cp15)
    CP15_ReadC6                              0xc0000e18   ARM Code       0  cp15_asm.o(cp15)
    CP15ICacheDisable                        0xc0000e24   ARM Code       0  cp15_asm.o(cp15)
    CP15DCacheDisable                        0xc0000e34   ARM Code       0  cp15_asm.o(cp15)
    CP15ICacheEnable                         0xc0000e44   ARM Code       0  cp15_asm.o(cp15)
    CP15DCacheEnable                         0xc0000e54   ARM Code       0  cp15_asm.o(cp15)
    CP15DCacheFlush                          0xc0000e64   ARM Code       0  cp15_asm.o(cp15)
    CP15DCacheClean                          0xc0000e70   ARM Code       0  cp15_asm.o(cp15)
    CP15ICacheFlush                          0xc0000e88   ARM Code       0  cp15_asm.o(cp15)
    CP15ICacheFlushBuff                      0xc0000e94   ARM Code       0  cp15_asm.o(cp15)
    CP15DCacheCleanBuff                      0xc0000eb8   ARM Code       0  cp15_asm.o(cp15)
    CP15TtbSet                               0xc0000edc   ARM Code       0  cp15_asm.o(cp15)
    CP15MMUDisable                           0xc0000ef4   ARM Code       0  cp15_asm.o(cp15)
    CP15MMUEnable                            0xc0000f10   ARM Code       0  cp15_asm.o(cp15)
    __user_initial_stackheap                 0xc0000f24   ARM Code       0  init.o(stackheap)
    Region$$Table$$Base                      0xc0000f80   Number         0  anon$$obj.o(Region$$Table)
    Region$$Table$$Limit                     0xc0000f90   Number         0  anon$$obj.o(Region$$Table)
    __libspace_start                         0xc0900000   Data          96  libspace.o(.bss)
    __temporary_stack_top$libspace           0xc0900060   Data           0  libspace.o(.bss)
    Image$$HEAP$$Limit                       0xc09001f4   Number         0  anon$$obj.o(linker$$defined$$symbols)
    Image$$STACK$$Limit                      0xc8000000   Number         0  anon$$obj.o(linker$$defined$$symbols)
    ADDR_HIPVR1                              0xfffef600   Number         0  exceptionhandler.o ABSOLUTE



==============================================================================

Memory Map of the image

  Image Entry point : 0xc0000080

  Load Region LOAD_ROM (Base: 0xc0000000, Size: 0x00000f90, Max: 0xffffffff, ABSOLUTE)

    Execution Region ram_ro (Base: 0xc0000000, Size: 0x00000f90, Max: 0x00200000, ABSOLUTE)

    Base Addr    Size         Type   Attr      Idx    E Section Name        Object

    0xc0000000   0x00000080   Code   RO           56    INIT                JoyceSDK.lib(init.o)
    0xc0000080   0x00000008   Code   RO           28  * !!!main             c_5.l(__main.o)
    0xc0000088   0x0000003c   Code   RO          460    !!!scatter          c_5.l(__scatter.o)
    0xc00000c4   0x0000002c   Code   RO          462    !!handler_zi        c_5.l(__scatter_zi.o)
    0xc00000f0   0x00000002   Code   RO           55    .ARM.Collect$$libinit$$00000000  c_5.l(libinit.o)
    0xc00000f2   0x00000000   Code   RO           69    .ARM.Collect$$libinit$$00000002  c_5.l(libinit2.o)
    0xc00000f2   0x00000000   Code   RO           72    .ARM.Collect$$libinit$$00000008  c_5.l(libinit2.o)
    0xc00000f2   0x00000000   Code   RO           74    .ARM.Collect$$libinit$$0000000A  c_5.l(libinit2.o)
    0xc00000f2   0x00000000   Code   RO           76    .ARM.Collect$$libinit$$0000000C  c_5.l(libinit2.o)
    0xc00000f2   0x00000000   Code   RO           79    .ARM.Collect$$libinit$$0000000F  c_5.l(libinit2.o)
    0xc00000f2   0x00000000   Code   RO           81    .ARM.Collect$$libinit$$00000011  c_5.l(libinit2.o)
    0xc00000f2   0x00000000   Code   RO           83    .ARM.Collect$$libinit$$00000013  c_5.l(libinit2.o)
    0xc00000f2   0x00000000   Code   RO           85    .ARM.Collect$$libinit$$00000015  c_5.l(libinit2.o)
    0xc00000f2   0x00000000   Code   RO           87    .ARM.Collect$$libinit$$00000017  c_5.l(libinit2.o)
    0xc00000f2   0x00000000   Code   RO           89    .ARM.Collect$$libinit$$00000019  c_5.l(libinit2.o)
    0xc00000f2   0x00000000   Code   RO           91    .ARM.Collect$$libinit$$0000001B  c_5.l(libinit2.o)
    0xc00000f2   0x00000000   Code   RO           93    .ARM.Collect$$libinit$$0000001D  c_5.l(libinit2.o)
    0xc00000f2   0x00000000   Code   RO           95    .ARM.Collect$$libinit$$0000001F  c_5.l(libinit2.o)
    0xc00000f2   0x00000000   Code   RO           97    .ARM.Collect$$libinit$$00000021  c_5.l(libinit2.o)
    0xc00000f2   0x00000000   Code   RO           99    .ARM.Collect$$libinit$$00000023  c_5.l(libinit2.o)
    0xc00000f2   0x00000000   Code   RO          103    .ARM.Collect$$libinit$$0000002A  c_5.l(libinit2.o)
    0xc00000f2   0x00000000   Code   RO          105    .ARM.Collect$$libinit$$0000002C  c_5.l(libinit2.o)
    0xc00000f2   0x00000000   Code   RO          107    .ARM.Collect$$libinit$$0000002E  c_5.l(libinit2.o)
    0xc00000f2   0x00000000   Code   RO          109    .ARM.Collect$$libinit$$00000030  c_5.l(libinit2.o)
    0xc00000f2   0x00000002   Code   RO          110    .ARM.Collect$$libinit$$00000031  c_5.l(libinit2.o)
    0xc00000f4   0x00000002   Code   RO          318    .ARM.Collect$$libshutdown$$00000000  c_5.l(libshutdown.o)
    0xc00000f6   0x00000000   Code   RO          407    .ARM.Collect$$libshutdown$$00000003  c_5.l(libshutdown2.o)
    0xc00000f6   0x00000000   Code   RO          410    .ARM.Collect$$libshutdown$$00000006  c_5.l(libshutdown2.o)
    0xc00000f6   0x00000000   Code   RO          413    .ARM.Collect$$libshutdown$$00000009  c_5.l(libshutdown2.o)
    0xc00000f6   0x00000000   Code   RO          415    .ARM.Collect$$libshutdown$$0000000B  c_5.l(libshutdown2.o)
    0xc00000f6   0x00000000   Code   RO          418    .ARM.Collect$$libshutdown$$0000000E  c_5.l(libshutdown2.o)
    0xc00000f6   0x00000002   Code   RO          419    .ARM.Collect$$libshutdown$$0000000F  c_5.l(libshutdown2.o)
    0xc00000f8   0x00000000   Code   RO           30    .ARM.Collect$$rtentry$$00000000  c_5.l(rtentry.o)
    0xc00000f8   0x00000000   Code   RO           32    .ARM.Collect$$rtentry$$00000002  c_5.l(rtentry2.o)
    0xc00000f8   0x00000008   Code   RO           44    .ARM.Collect$$rtentry$$00000004  c_5.l(rtentry4.o)
    0xc0000100   0x00000000   Code   RO           34    .ARM.Collect$$rtentry$$00000009  c_5.l(rtentry2.o)
    0xc0000100   0x00000004   Code   RO           35    .ARM.Collect$$rtentry$$0000000A  c_5.l(rtentry2.o)
    0xc0000104   0x00000000   Code   RO           37    .ARM.Collect$$rtentry$$0000000C  c_5.l(rtentry2.o)
    0xc0000104   0x00000028   Code   RO           38    .ARM.Collect$$rtentry$$0000000D  c_5.l(rtentry2.o)
    0xc000012c   0x00000004   Code   RO           66    .ARM.Collect$$rtexit$$00000000  c_5.l(rtexit.o)
    0xc0000130   0x00000000   Code   RO          222    .ARM.Collect$$rtexit$$00000002  c_5.l(rtexit2.o)
    0xc0000130   0x00000004   Code   RO          223    .ARM.Collect$$rtexit$$00000003  c_5.l(rtexit2.o)
    0xc0000134   0x00000008   Code   RO          224    .ARM.Collect$$rtexit$$00000004  c_5.l(rtexit2.o)
    0xc000013c   0x00000008   Code   RO            3    .text               main.o
    0xc0000144   0x00000060   Code   RO           46    .text               c_5.l(sys_stackheap_outer.o)
    0xc00001a4   0x0000000c   Code   RO           48    .text               c_5.l(exit.o)
    0xc00001b0   0x0000000c   Code   RO           63    .text               c_5.l(libspace.o)
    0xc00001bc   0x000000b4   Code   RO          111    .text               JoyceSDK.lib(startup.o)
    0xc0000270   0x00000104   Code   RO          235    .text               JoyceSDK.lib(psc.o)
    0xc0000374   0x0000026c   Code   RO          250    .text               JoyceSDK.lib(interrupt.o)
    0xc00005e0   0x00000188   Code   RO          270    .text               JoyceSDK.lib(mmu.o)
    0xc0000768   0x00000038   Code   RO          282    .text               JoyceSDK.lib(joy_syscfg.o)
    0xc00007a0   0x0000000c   Code   RO          294    .text               c_5.l(sys_exit.o)
    0xc00007ac   0x00000098   Code   RO          319    .text               JoyceSDK.lib(cpu.o)
    0xc0000844   0x0000027c   Code   RO          375    .text               JoyceSDK.lib(cp15.o)
    0xc0000ac0   0x00000004   Code   RO          392    .text               c_5.l(use_no_semi.o)
    0xc0000ac4   0x00000000   Code   RO          394    .text               c_5.l(indicate_semi.o)
    0xc0000ac4   0x000000b0   Code   RO          232    EXCEPTIONS          JoyceSDK.lib(exceptionhandler.o)
    0xc0000b74   0x000003b0   Code   RO          387    cp15                JoyceSDK.lib(cp15_asm.o)
    0xc0000f24   0x00000024   Code   RO           57    stackheap           JoyceSDK.lib(init.o)
    0xc0000f48   0x00000038   Data   RO          112    .constdata          JoyceSDK.lib(startup.o)
    0xc0000f80   0x00000010   Data   RO          456    Region$$Table       anon$$obj.o


    Execution Region FRAMEBUFFER (Base: 0xc0500000, Size: 0x00000000, Max: 0x00100000, ABSOLUTE)

    **** No section assigned to this execution region ****


    Execution Region UNCACHE (Base: 0xc0600000, Size: 0x00000000, Max: 0x00300000, ABSOLUTE)

    **** No section assigned to this execution region ****


    Execution Region ram_rw (Base: 0xc0900000, Size: 0x00000000, Max: 0xffffffff, ABSOLUTE)

    **** No section assigned to this execution region ****


    Execution Region ram_zi (Base: 0xc0900000, Size: 0x000001f4, Max: 0xffffffff, ABSOLUTE)

    Base Addr    Size         Type   Attr      Idx    E Section Name        Object

    0xc0900000   0x00000060   Zero   RW           64    .bss                c_5.l(libspace.o)
    0xc0900060   0x00000194   Zero   RW          251    .bss                JoyceSDK.lib(interrupt.o)


    Execution Region HEAP (Base: 0xc09001f4, Size: 0x00000000, Max: 0x00000000, ABSOLUTE, UNINIT)

    Base Addr    Size         Type   Attr      Idx    E Section Name        Object

    0xc09001f4   0x00000000   Data   RW          458    linker$$defined$$symbols  anon$$obj.o
    0xc09001f4   0x00000000   Zero   RW            1    HEAP.bss            anon$$obj.o


    Execution Region STACK (Base: 0xc8000000, Size: 0x00000000, Max: 0x00000000, ABSOLUTE, UNINIT)

    Base Addr    Size         Type   Attr      Idx    E Section Name        Object

    0xc8000000   0x00000000   Data   RW          459    linker$$defined$$symbols  anon$$obj.o
    0xc8000000   0x00000000   Zero   RW            2    STACK.bss           anon$$obj.o


==============================================================================

Image component sizes


      Code (inc. data)   RO Data    RW Data    ZI Data      Debug   Object Name

         8          0          0          0          0       1787   main.o

    ----------------------------------------------------------------------
         8          0         16          0          0       1787   Object Totals
         0          0         16          0          0          0   (incl. Generated)
         0          0          0          0          0          0   (incl. Padding)

    ----------------------------------------------------------------------

      Code (inc. data)   RO Data    RW Data    ZI Data      Debug   Library Member Name

       636          0          0          0          0       3253   cp15.o
       944          4          0          0          0        500   cp15_asm.o
       152          0          0          0          0       1469   cpu.o
       176         12          0          0          0        340   exceptionhandler.o
       164         24          0          0          0        560   init.o
       620         36          0          0        404       4648   interrupt.o
        56         12          0          0          0        544   joy_syscfg.o
       392         20          0          0          0        779   mmu.o
       260          0          0          0          0        771   psc.o
       180         16         56          0          0       2694   startup.o
         8          0          0          0          0         68   __main.o
        60          8          0          0          0          0   __scatter.o
        44          0          0          0          0          0   __scatter_zi.o
        12          0          0          0          0         64   exit.o
         0          0          0          0          0          0   indicate_semi.o
         2          0          0          0          0          0   libinit.o
         2          0          0          0          0          0   libinit2.o
         2          0          0          0          0          0   libshutdown.o
         2          0          0          0          0          0   libshutdown2.o
        12          4          0          0         96         68   libspace.o
         0          0          0          0          0          0   rtentry.o
        44          4          0          0          0          0   rtentry2.o
         8          0          0          0          0          0   rtentry4.o
         4          0          0          0          0          0   rtexit.o
        12          0          0          0          0          0   rtexit2.o
        12          4          0          0          0         60   sys_exit.o
        96          0          0          0          0         80   sys_stackheap_outer.o
         4          0          0          0          0         68   use_no_semi.o

    ----------------------------------------------------------------------
      3904        144         56          0        500      15966   Library Totals
         0          0          0          0          0          0   (incl. Padding)

    ----------------------------------------------------------------------

      Code (inc. data)   RO Data    RW Data    ZI Data      Debug   Library Name

      3580        124         56          0        404      15558   JoyceSDK.lib
       324         20          0          0         96        408   c_5.l

    ----------------------------------------------------------------------
      3904        144         56          0        500      15966   Library Totals

    ----------------------------------------------------------------------

==============================================================================


      Code (inc. data)   RO Data    RW Data    ZI Data      Debug   

      3912        144         72          0        500      17137   Grand Totals
      3912        144         72          0        500      17137   ELF Image Totals
      3912        144         72          0          0          0   ROM Totals

==============================================================================

    Total RO  Size (Code + RO Data)                 3984 (   3.89kB)
    Total RW  Size (RW Data + ZI Data)               500 (   0.49kB)
    Total ROM Size (Code + RO Data + RW Data)       3984 (   3.89kB)

==============================================================================

