ARM Linker, 4.1 [Build 894] [Standard]

==============================================================================

Section Cross References

    cstartup.o(.text) refers to aeabi_sdiv.o(.text_udiv) for __aeabi_uidivmod
    startup.o(STARTUP) refers (Special) to heapauxi.o(.text) for __use_two_region_memory
    startup.o(STARTUP) refers to cstartup.o(.text) for _cstartup
    startup.o(STARTUP) refers to __main.o(!!!main) for __main
    startup.o(STACK_HEAP) refers (Special) to heapauxi.o(.text) for __use_two_region_memory
    main.o(.text) refers to noretval__2printf.o(.text) for __2printf
    main.o(.text) refers to delay.o(DELAY) for GPIOR_DELAYUS
    crc7.o(.text) refers to crc7.o(.constdata) for crc7_syndrome_table
    __2printf.o(.text) refers to _printf_char_file.o(.text) for _printf_char_file
    __2printf.o(.text) refers to stdio_streams.o(.bss) for __stdout
    noretval__2printf.o(.text) refers to _printf_char_file.o(.text) for _printf_char_file
    noretval__2printf.o(.text) refers to stdio_streams.o(.bss) for __stdout
    aeabi_sdiv.o(.text_udiv) refers to aeabi_sdiv.o(.text) for __arm_div2
    aeabi_sdiv_div0.o(.text_udiv) refers to aeabi_sdiv_div0.o(.text) for __arm_div2
    __main.o(!!!main) refers to rtentry.o(.ARM.Collect$$rtentry$$00000000) for __rt_entry
    rtentry.o(.ARM.Collect$$rtentry$$00000000) refers (Special) to rtentry2.o(.ARM.Collect$$rtentry$$0000000A) for __rt_entry_li
    rtentry.o(.ARM.Collect$$rtentry$$00000000) refers (Special) to rtentry2.o(.ARM.Collect$$rtentry$$0000000D) for __rt_entry_main
    rtentry.o(.ARM.Collect$$rtentry$$00000000) refers (Special) to rtentry2.o(.ARM.Collect$$rtentry$$0000000C) for __rt_entry_postli_1
    rtentry.o(.ARM.Collect$$rtentry$$00000000) refers (Special) to rtentry2.o(.ARM.Collect$$rtentry$$00000009) for __rt_entry_postsh_1
    rtentry.o(.ARM.Collect$$rtentry$$00000000) refers (Special) to rtentry2.o(.ARM.Collect$$rtentry$$00000002) for __rt_entry_presh_1
    rtentry.o(.ARM.Collect$$rtentry$$00000000) refers (Special) to rtentry4.o(.ARM.Collect$$rtentry$$00000004) for __rt_entry_sh
    aeabi_idiv0_sigfpe.o(.text) refers to rt_div0.o(.text) for __rt_div0
    _printf_char_file.o(.text) refers to _printf_char_common.o(.text) for _printf_char_common
    _printf_char_file.o(.text) refers to ferror.o(.text) for ferror
    _printf_char_file.o(.text) refers to fputc.o(i.fputc) for fputc
    stdio_streams.o(.bss) refers (Special) to initio.o(.text) for _initio
    stdio_streams.o(.bss) refers (Special) to initio.o(.text) for _initio
    stdio_streams.o(.bss) refers (Special) to initio.o(.text) for _initio
    stdio_streams.o(.data) refers (Special) to initio.o(.text) for _initio
    stdio_streams.o(.data) refers (Special) to initio.o(.text) for _initio
    stdio_streams.o(.data) refers (Special) to initio.o(.text) for _initio
    rtentry2.o(.ARM.Collect$$rtentry$$00000008) refers to boardinit2.o(.text) for _platform_post_stackheap_init
    rtentry2.o(.ARM.Collect$$rtentry$$0000000A) refers to libinit.o(.ARM.Collect$$libinit$$00000000) for __rt_lib_init
    rtentry2.o(.ARM.Collect$$rtentry$$0000000B) refers to boardinit3.o(.text) for _platform_post_lib_init
    rtentry2.o(.ARM.Collect$$rtentry$$0000000D) refers to exit.o(.text) for exit
    rtentry2.o(.ARM.Collect$$rtentry$$0000000D) refers to main.o(.text) for main
    rtentry2.o(.ARM.exidx) refers to rtentry2.o(.ARM.Collect$$rtentry$$00000001) for .ARM.Collect$$rtentry$$00000001
    rtentry2.o(.ARM.exidx) refers to rtentry2.o(.ARM.Collect$$rtentry$$00000008) for .ARM.Collect$$rtentry$$00000008
    rtentry2.o(.ARM.exidx) refers to rtentry2.o(.ARM.Collect$$rtentry$$0000000A) for .ARM.Collect$$rtentry$$0000000A
    rtentry2.o(.ARM.exidx) refers to rtentry2.o(.ARM.Collect$$rtentry$$0000000B) for .ARM.Collect$$rtentry$$0000000B
    rtentry2.o(.ARM.exidx) refers to rtentry2.o(.ARM.Collect$$rtentry$$0000000D) for .ARM.Collect$$rtentry$$0000000D
    rtentry4.o(.ARM.Collect$$rtentry$$00000004) refers to sys_stackheap_outer.o(.text) for __user_setup_stackheap
    rtentry4.o(.ARM.exidx) refers to rtentry4.o(.ARM.Collect$$rtentry$$00000004) for .ARM.Collect$$rtentry$$00000004
    rt_div0.o(.text) refers to defsig_fpe_outer.o(.text) for __rt_SIGFPE
    _printf_char_common.o(.text) refers to __printf_nopercent.o(.text) for __printf
    fputc.o(i.fputc) refers to flsbuf.o(.text) for __flsbuf_byte
    initio.o(.text) refers (Special) to libinit2.o(.ARM.Collect$$libinit$$00000020) for __rt_lib_init_stdio_2
    initio.o(.text) refers (Special) to libshutdown2.o(.ARM.Collect$$libshutdown$$00000002) for __rt_lib_shutdown_stdio_2
    initio.o(.text) refers to rt_memclr_w.o(.text) for __aeabi_memclr4
    initio.o(.text) refers to fopen.o(.text) for freopen
    initio.o(.text) refers to defsig_rtred_outer.o(.text) for __rt_SIGRTRED
    initio.o(.text) refers to setvbuf.o(.text) for setvbuf
    initio.o(.text) refers to fclose.o(.text) for _fclose_internal
    initio.o(.text) refers to h1_free.o(.text) for free
    initio.o(.text) refers to stdio_streams.o(.bss) for __stdin
    initio.o(.text) refers to stdio_streams.o(.bss) for __stdout
    initio.o(.text) refers to stdio_streams.o(.bss) for __stderr
    initio.o(.text) refers to stdio_streams.o(.data) for __aeabi_stdin
    initio.o(.text) refers to stdio_streams.o(.data) for __aeabi_stdout
    initio.o(.text) refers to stdio_streams.o(.data) for __aeabi_stderr
    initio.o(.text) refers to sys_io.o(.constdata) for __stdin_name
    initio.o(.text) refers to sys_io.o(.constdata) for __stdout_name
    initio.o(.text) refers to sys_io.o(.constdata) for __stderr_name
    initio_locked.o(.text) refers (Special) to libinit2.o(.ARM.Collect$$libinit$$00000020) for __rt_lib_init_stdio_2
    initio_locked.o(.text) refers (Special) to libshutdown2.o(.ARM.Collect$$libshutdown$$00000002) for __rt_lib_shutdown_stdio_2
    initio_locked.o(.text) refers to rt_memclr_w.o(.text) for __aeabi_memclr4
    initio_locked.o(.text) refers to mutex_dummy.o(.text) for _mutex_initialize
    initio_locked.o(.text) refers to fopen.o(.text) for freopen
    initio_locked.o(.text) refers to defsig_rtred_outer.o(.text) for __rt_SIGRTRED
    initio_locked.o(.text) refers to setvbuf.o(.text) for setvbuf
    initio_locked.o(.text) refers to fclose.o(.text) for _fclose_internal
    initio_locked.o(.text) refers to h1_free.o(.text) for free
    initio_locked.o(.text) refers to stdio_streams.o(.bss) for __stdin
    initio_locked.o(.text) refers to stdio_streams.o(.bss) for __stdout
    initio_locked.o(.text) refers to stdio_streams.o(.bss) for __stderr
    initio_locked.o(.text) refers to stdio_streams.o(.data) for __aeabi_stdin
    initio_locked.o(.text) refers to stdio_streams.o(.data) for __aeabi_stdout
    initio_locked.o(.text) refers to stdio_streams.o(.data) for __aeabi_stderr
    initio_locked.o(.text) refers to streamlock.o(.data) for _stream_list_lock
    initio_locked.o(.text) refers to sys_io.o(.constdata) for __stdin_name
    initio_locked.o(.text) refers to sys_io.o(.constdata) for __stdout_name
    initio_locked.o(.text) refers to sys_io.o(.constdata) for __stderr_name
    sys_io.o(.text) refers (Special) to use_no_semi.o(.text) for __I$use$semihosting
    sys_io.o(.text) refers (Special) to indicate_semi.o(.text) for __semihosting_library_function
    sys_io.o(.text) refers to strlen.o(.text) for strlen
    sys_io.o(.constdata) refers (Special) to use_no_semi.o(.text) for __I$use$semihosting
    sys_io.o(.constdata) refers (Special) to indicate_semi.o(.text) for __semihosting_library_function
    sys_io.o(.constdata) refers (Special) to use_no_semi.o(.text) for __I$use$semihosting
    sys_io.o(.constdata) refers (Special) to indicate_semi.o(.text) for __semihosting_library_function
    sys_io.o(.constdata) refers (Special) to use_no_semi.o(.text) for __I$use$semihosting
    sys_io.o(.constdata) refers (Special) to indicate_semi.o(.text) for __semihosting_library_function
    sys_stackheap_outer.o(.text) refers to libspace.o(.text) for __user_perproc_libspace
    sys_stackheap_outer.o(.text) refers to startup.o(STACK_HEAP) for __user_initial_stackheap
    free.o(.text) refers (Special) to hguard.o(.text) for __heap$guard
    free.o(.text) refers to rt_heap_descriptor_intlibspace.o(.text) for __rt_heap_descriptor
    h1_free.o(.text) refers to rt_heap_descriptor_intlibspace.o(.text) for __rt_heap_descriptor
    h1_free_mt.o(.text) refers to rt_heap_descriptor_intlibspace.o(.text) for __rt_heap_descriptor
    heap2.o(i._FDIterate) refers to heap2.o(i.__ARM_common_call_via_r6) for __ARM_common_call_via_r6
    heap2.o(i._FDIterate) refers to heap2.o(.constdata) for .constdata
    heap2.o(i.___Heap_ProvideMemory$realtime) refers to fdtree.o(i._FDTree_Delete) for _FDTree_Delete
    heap2.o(i.___Heap_ProvideMemory$realtime) refers to fdtree.o(i._FDTree_Insert) for _FDTree_Insert
    heap2.o(i.___Heap_Stats$realtime) refers to heap2.o(i._Heap2_StatsIterate) for _Heap2_StatsIterate
    heap2.o(i.___Heap_Stats$realtime) refers to aeabi_sdiv.o(.text_udiv) for __aeabi_uidivmod
    heap2.o(i.___Heap_Stats$realtime) refers to heap2.o(i.__ARM_common_call_via_r5) for __ARM_common_call_via_r5
    heap2.o(i.___Heap_Valid$realtime) refers to heap2.o(i.__ARM_common_call_via_r5) for __ARM_common_call_via_r5
    heap2.o(i.___Heap_Valid$realtime) refers to heap2.o(i._FDIterate) for _FDIterate
    heap2.o(i.___Heap_Valid$realtime) refers to heap2.o(.constdata) for .constdata
    heap2.o(i._free$realtime) refers to rt_heap_descriptor_intlibspace.o(.text) for __rt_heap_descriptor
    heap2.o(i._free$realtime) refers to fdtree.o(i._FDTree_Delete) for _FDTree_Delete
    heap2.o(i._free$realtime) refers to fdtree.o(i._FDTree_Insert) for _FDTree_Insert
    heap2.o(i._malloc$realtime) refers to rt_heap_descriptor_intlibspace.o(.text) for __rt_heap_descriptor
    heap2.o(i._malloc$realtime) refers to fdtree.o(i._FDTree_FindFirst) for _FDTree_FindFirst
    heap2.o(i._malloc$realtime) refers to init_alloc.o(.text) for __Heap_Full
    heap2.o(i._malloc$realtime) refers to fdtree.o(i._FDTree_RemoveNode) for _FDTree_RemoveNode
    heap2.o(i._malloc$realtime) refers to fdtree.o(i._FDTree_Insert) for _FDTree_Insert
    heap2.o(i._posix_memalign$realtime) refers to rt_heap_descriptor_intlibspace.o(.text) for __rt_heap_descriptor
    heap2.o(i._posix_memalign$realtime) refers to fdtree.o(i._FDTree_FindFirst) for _FDTree_FindFirst
    heap2.o(i._posix_memalign$realtime) refers to init_alloc.o(.text) for __Heap_Full
    heap2.o(i._posix_memalign$realtime) refers to fdtree.o(i._FDTree_RemoveNode) for _FDTree_RemoveNode
    heap2.o(i._posix_memalign$realtime) refers to fdtree.o(i._FDTree_Insert) for _FDTree_Insert
    heap2.o(i._realloc$realtime) refers to rt_heap_descriptor_intlibspace.o(.text) for __rt_heap_descriptor
    heap2.o(i._realloc$realtime) refers to h1_free.o(.text) for free
    heap2.o(i._realloc$realtime) refers to h1_alloc.o(.text) for malloc
    heap2.o(i._realloc$realtime) refers to fdtree.o(i._FDTree_Delete) for _FDTree_Delete
    heap2.o(i._realloc$realtime) refers to fdtree.o(i._FDTree_Insert) for _FDTree_Insert
    heap2.o(i._realloc$realtime) refers to rt_memcpy_w.o(.text) for __aeabi_memcpy4
    heap2mt.o(i._FDIterate) refers to heap2.o(i.__ARM_common_call_via_r6) for __ARM_common_call_via_r6
    heap2mt.o(i._FDIterate) refers to heap2mt.o(.constdata) for .constdata
    heap2mt.o(i.___Heap_Initialize$realtime$concurrent) refers to mutex_dummy.o(.text) for _mutex_initialize
    heap2mt.o(i.___Heap_ProvideMemory$realtime$concurrent) refers to fdtree.o(i._FDTree_Delete) for _FDTree_Delete
    heap2mt.o(i.___Heap_ProvideMemory$realtime$concurrent) refers to fdtree.o(i._FDTree_Insert) for _FDTree_Insert
    heap2mt.o(i.___Heap_Stats$realtime$concurrent) refers to heap2mt.o(i._Heap2_StatsIterate) for _Heap2_StatsIterate
    heap2mt.o(i.___Heap_Stats$realtime$concurrent) refers to aeabi_sdiv.o(.text_udiv) for __aeabi_uidivmod
    heap2mt.o(i.___Heap_Stats$realtime$concurrent) refers to heap2.o(i.__ARM_common_call_via_r5) for __ARM_common_call_via_r5
    heap2mt.o(i.___Heap_Valid$realtime$concurrent) refers to heap2.o(i.__ARM_common_call_via_r5) for __ARM_common_call_via_r5
    heap2mt.o(i.___Heap_Valid$realtime$concurrent) refers to heap2mt.o(i._FDIterate) for _FDIterate
    heap2mt.o(i.___Heap_Valid$realtime$concurrent) refers to heap2mt.o(.constdata) for .constdata
    heap2mt.o(i._free$realtime$concurrent) refers to rt_heap_descriptor_intlibspace.o(.text) for __rt_heap_descriptor
    heap2mt.o(i._free$realtime$concurrent) refers to fdtree.o(i._FDTree_Delete) for _FDTree_Delete
    heap2mt.o(i._free$realtime$concurrent) refers to fdtree.o(i._FDTree_Insert) for _FDTree_Insert
    heap2mt.o(i._malloc$realtime$concurrent) refers to rt_heap_descriptor_intlibspace.o(.text) for __rt_heap_descriptor
    heap2mt.o(i._malloc$realtime$concurrent) refers to fdtree.o(i._FDTree_FindFirst) for _FDTree_FindFirst
    heap2mt.o(i._malloc$realtime$concurrent) refers to init_alloc.o(.text) for __Heap_Full
    heap2mt.o(i._malloc$realtime$concurrent) refers to fdtree.o(i._FDTree_RemoveNode) for _FDTree_RemoveNode
    heap2mt.o(i._malloc$realtime$concurrent) refers to fdtree.o(i._FDTree_Insert) for _FDTree_Insert
    heap2mt.o(i._posix_memalign$realtime$concurrent) refers to rt_heap_descriptor_intlibspace.o(.text) for __rt_heap_descriptor
    heap2mt.o(i._posix_memalign$realtime$concurrent) refers to fdtree.o(i._FDTree_FindFirst) for _FDTree_FindFirst
    heap2mt.o(i._posix_memalign$realtime$concurrent) refers to init_alloc.o(.text) for __Heap_Full
    heap2mt.o(i._posix_memalign$realtime$concurrent) refers to fdtree.o(i._FDTree_RemoveNode) for _FDTree_RemoveNode
    heap2mt.o(i._posix_memalign$realtime$concurrent) refers to fdtree.o(i._FDTree_Insert) for _FDTree_Insert
    heap2mt.o(i._realloc$realtime$concurrent) refers to rt_heap_descriptor_intlibspace.o(.text) for __rt_heap_descriptor
    heap2mt.o(i._realloc$realtime$concurrent) refers to h1_free.o(.text) for free
    heap2mt.o(i._realloc$realtime$concurrent) refers to h1_alloc.o(.text) for malloc
    heap2mt.o(i._realloc$realtime$concurrent) refers to fdtree.o(i._FDTree_Delete) for _FDTree_Delete
    heap2mt.o(i._realloc$realtime$concurrent) refers to fdtree.o(i._FDTree_Insert) for _FDTree_Insert
    heap2mt.o(i._realloc$realtime$concurrent) refers to rt_memcpy_w.o(.text) for __aeabi_memcpy4
    __printf_nopercent.o(.text) refers to __printf_nopercent.o(i.__ARM_common_call_via_r7) for __ARM_common_call_via_r7
    __printf_nopercent.o(.text) refers to heap2.o(i.__ARM_common_call_via_r5) for __ARM_common_call_via_r5
    flsbuf.o(.text) refers to stdio.o(.text) for _deferredlazyseek
    flsbuf.o(.text) refers to sys_io.o(.text) for _sys_flen
    flsbuf.o(.text) refers to h1_alloc.o(.text) for malloc
    streamlock.o(.data) refers (Special) to initio.o(.text) for _initio
    fopen.o(.text) refers to fclose.o(.text) for _fclose_internal
    fopen.o(.text) refers to sys_io.o(.text) for _sys_open
    fopen.o(.text) refers to fseek.o(.text) for _fseek
    fopen.o(.text) refers to h1_alloc.o(.text) for malloc
    fopen.o(.text) refers to rt_memclr_w.o(.text) for __aeabi_memclr4
    fopen.o(.text) refers to stdio_streams.o(.bss) for __stdin
    fclose.o(.text) refers to stdio.o(.text) for _fflush
    fclose.o(.text) refers to sys_io.o(.text) for _sys_close
    fclose.o(.text) refers to h1_free.o(.text) for free
    fclose.o(.text) refers to rt_memclr_w.o(.text) for __aeabi_memclr4
    fopen_locked.o(.text) refers to fclose.o(.text) for _fclose_internal
    fopen_locked.o(.text) refers to sys_io.o(.text) for _sys_open
    fopen_locked.o(.text) refers to fseek.o(.text) for _fseek
    fopen_locked.o(.text) refers to h1_alloc.o(.text) for malloc
    fopen_locked.o(.text) refers to rt_memclr_w.o(.text) for __aeabi_memclr4
    fopen_locked.o(.text) refers to mutex_dummy.o(.text) for _mutex_initialize
    fopen_locked.o(.text) refers to streamlock.o(.data) for _stream_list_lock
    fopen_locked.o(.text) refers to stdio_streams.o(.bss) for __stdin
    exit.o(.text) refers to rtexit.o(.ARM.Collect$$rtexit$$00000000) for __rt_exit
    defsig_fpe_outer.o(.text) refers to defsig_fpe_inner.o(.text) for __rt_SIGFPE_inner
    defsig_fpe_outer.o(.text) refers to defsig_exit.o(.text) for __sig_exit
    defsig_fpe_formal.o(.text) refers to rt_raise.o(.text) for __rt_raise
    defsig_rtred_outer.o(.text) refers to defsig_rtred_inner.o(.text) for __rt_SIGRTRED_inner
    defsig_rtred_outer.o(.text) refers to defsig_exit.o(.text) for __sig_exit
    defsig_rtred_formal.o(.text) refers to rt_raise.o(.text) for __rt_raise
    libinit.o(.ARM.Collect$$libinit$$00000000) refers (Special) to libinit2.o(.ARM.Collect$$libinit$$0000002A) for __rt_lib_init_alloca_1
    libinit.o(.ARM.Collect$$libinit$$00000000) refers (Special) to libinit2.o(.ARM.Collect$$libinit$$00000028) for __rt_lib_init_argv_1
    libinit.o(.ARM.Collect$$libinit$$00000000) refers (Special) to libinit2.o(.ARM.Collect$$libinit$$00000017) for __rt_lib_init_atexit_1
    libinit.o(.ARM.Collect$$libinit$$00000000) refers (Special) to libinit2.o(.ARM.Collect$$libinit$$0000001D) for __rt_lib_init_clock_1
    libinit.o(.ARM.Collect$$libinit$$00000000) refers (Special) to libinit2.o(.ARM.Collect$$libinit$$0000002E) for __rt_lib_init_cpp_1
    libinit.o(.ARM.Collect$$libinit$$00000000) refers (Special) to libinit2.o(.ARM.Collect$$libinit$$0000002C) for __rt_lib_init_exceptions_1
    libinit.o(.ARM.Collect$$libinit$$00000000) refers (Special) to libinit2.o(.ARM.Collect$$libinit$$0000001B) for __rt_lib_init_fp_trap_1
    libinit.o(.ARM.Collect$$libinit$$00000000) refers (Special) to libinit2.o(.ARM.Collect$$libinit$$0000001F) for __rt_lib_init_getenv_1
    libinit.o(.ARM.Collect$$libinit$$00000000) refers (Special) to libinit2.o(.ARM.Collect$$libinit$$00000006) for __rt_lib_init_heap_1
    libinit.o(.ARM.Collect$$libinit$$00000000) refers (Special) to libinit2.o(.ARM.Collect$$libinit$$0000000D) for __rt_lib_init_lc_collate_1
    libinit.o(.ARM.Collect$$libinit$$00000000) refers (Special) to libinit2.o(.ARM.Collect$$libinit$$0000000F) for __rt_lib_init_lc_ctype_1
    libinit.o(.ARM.Collect$$libinit$$00000000) refers (Special) to libinit2.o(.ARM.Collect$$libinit$$00000011) for __rt_lib_init_lc_monetary_1
    libinit.o(.ARM.Collect$$libinit$$00000000) refers (Special) to libinit2.o(.ARM.Collect$$libinit$$00000013) for __rt_lib_init_lc_numeric_1
    libinit.o(.ARM.Collect$$libinit$$00000000) refers (Special) to libinit2.o(.ARM.Collect$$libinit$$00000015) for __rt_lib_init_lc_time_1
    libinit.o(.ARM.Collect$$libinit$$00000000) refers (Special) to libinit2.o(.ARM.Collect$$libinit$$0000000A) for __rt_lib_init_rand_1
    libinit.o(.ARM.Collect$$libinit$$00000000) refers (Special) to libinit2.o(.ARM.Collect$$libinit$$0000002F) for __rt_lib_init_return
    libinit.o(.ARM.Collect$$libinit$$00000000) refers (Special) to libinit2.o(.ARM.Collect$$libinit$$00000019) for __rt_lib_init_signal_1
    libinit.o(.ARM.Collect$$libinit$$00000000) refers (Special) to libinit2.o(.ARM.Collect$$libinit$$00000021) for __rt_lib_init_stdio_1
    libinit.o(.ARM.Collect$$libinit$$00000000) refers (Special) to libinit2.o(.ARM.Collect$$libinit$$00000008) for __rt_lib_init_user_alloc_1
    libinit.o(.ARM.Collect$$libinit$$00000000) refers to fpinit.o(x$fpl$fpinit) for _fp_init
    libinit2.o(.ARM.Collect$$libinit$$00000001) refers (Weak) to init_alloc.o(.text) for _init_alloc
    libinit2.o(.ARM.Collect$$libinit$$0000000C) refers to libinit2.o(.ARM.Collect$$libinit$$0000000B) for .ARM.Collect$$libinit$$0000000B
    libinit2.o(.ARM.Collect$$libinit$$0000000E) refers to libinit2.o(.ARM.Collect$$libinit$$0000000B) for .ARM.Collect$$libinit$$0000000B
    libinit2.o(.ARM.Collect$$libinit$$00000010) refers to libinit2.o(.ARM.Collect$$libinit$$0000000B) for .ARM.Collect$$libinit$$0000000B
    libinit2.o(.ARM.Collect$$libinit$$00000012) refers to libinit2.o(.ARM.Collect$$libinit$$0000000B) for .ARM.Collect$$libinit$$0000000B
    libinit2.o(.ARM.Collect$$libinit$$00000014) refers to libinit2.o(.ARM.Collect$$libinit$$0000000B) for .ARM.Collect$$libinit$$0000000B
    libinit2.o(.ARM.Collect$$libinit$$00000020) refers (Weak) to initio.o(.text) for _initio
    libinit2.o(.ARM.Collect$$libinit$$00000022) refers to argv_veneer.o(.emb_text) for __ARM_argv_veneer
    libinit2.o(.ARM.Collect$$libinit$$00000023) refers to argv_veneer.o(.emb_text) for __ARM_argv_veneer
    libshutdown2.o(.ARM.Collect$$libshutdown$$00000002) refers (Weak) to initio.o(.text) for _terminateio
    libshutdown2.o(.ARM.Collect$$libshutdown$$0000000C) refers (Weak) to term_alloc.o(.text) for _terminate_alloc
    flsbuf_fwide.o(.text) refers to flsbuf.o(.text) for __flsbuf
    libspace.o(.text) refers to libspace.o(.bss) for __libspace_start
    rtexit.o(.ARM.Collect$$rtexit$$00000000) refers (Special) to rtexit2.o(.ARM.Collect$$rtexit$$00000004) for __rt_exit_exit
    rtexit.o(.ARM.Collect$$rtexit$$00000000) refers (Special) to rtexit2.o(.ARM.Collect$$rtexit$$00000003) for __rt_exit_ls
    rtexit.o(.ARM.Collect$$rtexit$$00000000) refers (Special) to rtexit2.o(.ARM.Collect$$rtexit$$00000002) for __rt_exit_prels_1
    rtexit.o(.ARM.exidx) refers (Special) to rtexit2.o(.ARM.Collect$$rtexit$$00000004) for __rt_exit_exit
    rtexit.o(.ARM.exidx) refers (Special) to rtexit2.o(.ARM.Collect$$rtexit$$00000003) for __rt_exit_ls
    rtexit.o(.ARM.exidx) refers (Special) to rtexit2.o(.ARM.Collect$$rtexit$$00000002) for __rt_exit_prels_1
    rtexit.o(.ARM.exidx) refers to rtexit.o(.ARM.Collect$$rtexit$$00000000) for .ARM.Collect$$rtexit$$00000000
    rt_raise.o(.text) refers to __raise.o(.text) for __raise
    rt_raise.o(.text) refers to sys_exit.o(.text) for _sys_exit
    rt_heap_descriptor.o(.text) refers to rt_heap_descriptor.o(.bss) for __rt_heap_descriptor_data
    rt_heap_descriptor_intlibspace.o(.text) refers to libspace.o(.bss) for __libspace_start
    init_alloc.o(.text) refers (Special) to hguard.o(.text) for __heap$guard
    init_alloc.o(.text) refers (Special) to libinit2.o(.ARM.Collect$$libinit$$00000001) for __rt_lib_init_heap_2
    init_alloc.o(.text) refers (Special) to maybetermalloc1.o(.emb_text) for _maybe_terminate_alloc
    init_alloc.o(.text) refers to h1_extend.o(.text) for __Heap_ProvideMemory
    init_alloc.o(.text) refers to defsig_rtmem_outer.o(.text) for __rt_SIGRTMEM
    init_alloc.o(.text) refers to rt_heap_descriptor_intlibspace.o(.text) for __rt_heap_descriptor
    init_alloc.o(.text) refers to h1_init.o(.text) for __Heap_Initialize
    malloc.o(.text) refers (Special) to hguard.o(.text) for __heap$guard
    malloc.o(.text) refers (Special) to init_alloc.o(.text) for _init_alloc
    malloc.o(.text) refers to rt_heap_descriptor_intlibspace.o(.text) for __rt_heap_descriptor
    h1_alloc.o(.text) refers (Special) to h1_init.o(.text) for __Heap_Initialize
    h1_alloc.o(.text) refers to rt_heap_descriptor_intlibspace.o(.text) for __rt_heap_descriptor
    h1_alloc.o(.text) refers to init_alloc.o(.text) for __Heap_Full
    h1_alloc_mt.o(.text) refers (Special) to h1_init.o(.text) for __Heap_Initialize
    h1_alloc_mt.o(.text) refers to init_alloc.o(.text) for __Heap_Full
    h1_alloc_mt.o(.text) refers to rt_heap_descriptor_intlibspace.o(.text) for __rt_heap_descriptor
    _printf_char_file_locked.o(.text) refers to _printf_char_common.o(.text) for _printf_char_common
    _printf_char_file_locked.o(.text) refers to fputc.o(i._fputc$unlocked) for _fputc$unlocked
    fseek.o(.text) refers to sys_io.o(.text) for _sys_istty
    fseek.o(.text) refers to ftell.o(.text) for _ftell_internal
    fseek.o(.text) refers to stdio.o(.text) for _seterr
    stdio.o(.text) refers to sys_io.o(.text) for _sys_seek
    fwritefast.o(.text) refers to stdio.o(.text) for _writebuf
    fwritefast.o(.text) refers to flsbuf.o(.text) for __flsbuf_byte
    fwritefast.o(.text) refers to rt_memcpy.o(.text) for __aeabi_memcpy
    fwritefast_locked.o(.text) refers to stdio.o(.text) for _writebuf
    fwritefast_locked.o(.text) refers to flsbuf.o(.text) for __flsbuf_byte
    fwritefast_locked.o(.text) refers to rt_memcpy.o(.text) for __aeabi_memcpy
    defsig_exit.o(.text) refers to sys_exit.o(.text) for _sys_exit
    defsig_fpe_inner.o(.text) refers to defsig_general.o(.text) for __default_signal_display
    defsig_rtred_inner.o(.text) refers to defsig_general.o(.text) for __default_signal_display
    assert_stdio.o(.text) refers to fputs.o(.text) for fputs
    assert_stdio.o(.text) refers to fflush.o(.text) for fflush
    assert_stdio.o(.text) refers to stdio_streams.o(.bss) for __stderr
    argv_veneer.o(.emb_text) refers to no_argv.o(.text) for __ARM_get_argv
    fpinit.o(x$fpl$fpinit) refers to rt_fp_status_addr_intlibspace.o(.text) for __rt_fp_status_addr
    sys_exit.o(.text) refers (Special) to use_no_semi.o(.text) for __I$use$semihosting
    sys_exit.o(.text) refers (Special) to indicate_semi.o(.text) for __semihosting_library_function
    rtexit2.o(.ARM.Collect$$rtexit$$00000003) refers to libshutdown.o(.ARM.Collect$$libshutdown$$00000000) for __rt_lib_shutdown
    rtexit2.o(.ARM.Collect$$rtexit$$00000004) refers to sys_exit.o(.text) for _sys_exit
    rtexit2.o(.ARM.exidx) refers to rtexit2.o(.ARM.Collect$$rtexit$$00000001) for .ARM.Collect$$rtexit$$00000001
    rtexit2.o(.ARM.exidx) refers to rtexit2.o(.ARM.Collect$$rtexit$$00000003) for .ARM.Collect$$rtexit$$00000003
    rtexit2.o(.ARM.exidx) refers to rtexit2.o(.ARM.Collect$$rtexit$$00000004) for .ARM.Collect$$rtexit$$00000004
    rt_fp_status_addr.o(.text) refers to rt_fp_status_addr.o(.bss) for __rt_fp_status_addr_data
    rt_fp_status_addr_intlibspace.o(.text) refers to libspace.o(.bss) for __libspace_start
    maybetermalloc2.o(.emb_text) refers (Special) to term_alloc.o(.text) for _terminate_alloc
    h1_extend.o(.text) refers to h1_free.o(.text) for free
    h1_init_mt.o(.text) refers to mutex_dummy.o(.text) for _mutex_initialize
    h1_extend_mt.o(.text) refers to h1_free_mt.o(.text) for _free_internal
    fflush.o(.text) refers to stdio.o(.text) for _fflush
    fflush.o(.text) refers to fseek.o(.text) for _fseek
    fflush.o(.text) refers to stdio_streams.o(.bss) for __stdin
    fputs.o(.text) refers to fputc.o(i.fputc) for fputc
    ftell.o(.text) refers to rt_errno_addr_intlibspace.o(.text) for __aeabi_errno_addr
    fflush_locked.o(.text) refers to stdio.o(.text) for _fflush
    fflush_locked.o(.text) refers to fseek.o(.text) for _fseek
    fflush_locked.o(.text) refers to fflush.o(.text) for _do_fflush
    fflush_locked.o(.text) refers to streamlock.o(.data) for _stream_list_lock
    fflush_locked.o(.text) refers to stdio_streams.o(.bss) for __stdin
    __raise.o(.text) refers to __raise.o(i.__ARM_common_call_via_r2) for __ARM_common_call_via_r2
    __raise.o(.text) refers to defsig.o(CL$$defsig) for __default_signal_handler
    defsig_general.o(.text) refers to sys_wrch.o(.text) for _ttywrch
    defsig_rtmem_outer.o(.text) refers to defsig_rtmem_inner.o(.text) for __rt_SIGRTMEM_inner
    defsig_rtmem_outer.o(.text) refers to defsig_exit.o(.text) for __sig_exit
    defsig_rtmem_formal.o(.text) refers to rt_raise.o(.text) for __rt_raise
    rt_memcpy.o(.text) refers to rt_memcpy_w.o(.text) for __aeabi_memcpy4
    heapauxa.o(.text) refers to heapauxa.o(.data) for .data
    _get_argv.o(.text) refers (Special) to hrguard.o(.text) for __heap_region$guard
    _get_argv.o(.text) refers to h1_alloc.o(.text) for malloc
    _get_argv.o(.text) refers to defsig_rtmem_outer.o(.text) for __rt_SIGRTMEM
    _get_argv.o(.text) refers to sys_command.o(.text) for _sys_command_string
    _get_argv_nomalloc.o(.text) refers (Special) to hrguard.o(.text) for __heap_region$guard
    _get_argv_nomalloc.o(.text) refers to defsig_rtmem_outer.o(.text) for __rt_SIGRTMEM
    _get_argv_nomalloc.o(.text) refers to sys_command.o(.text) for _sys_command_string
    sys_wrch.o(.text) refers (Special) to use_no_semi.o(.text) for __I$use$semihosting
    sys_wrch.o(.text) refers (Special) to indicate_semi.o(.text) for __semihosting_library_function
    sys_command.o(.text) refers (Special) to use_no_semi.o(.text) for __I$use$semihosting
    sys_command.o(.text) refers (Special) to indicate_semi.o(.text) for __semihosting_library_function
    rt_errno_addr.o(.text) refers to rt_errno_addr.o(.bss) for __aeabi_errno_addr_data
    rt_errno_addr_intlibspace.o(.text) refers to libspace.o(.bss) for __libspace_start
    term_alloc.o(.text) refers (Special) to libshutdown2.o(.ARM.Collect$$libshutdown$$0000000D) for __rt_lib_shutdown_heap_2
    term_alloc.o(.text) refers to rt_heap_descriptor_intlibspace.o(.text) for __rt_heap_descriptor
    defsig_rtmem_inner.o(.text) refers to defsig_general.o(.text) for __default_signal_display
    defsig.o(CL$$defsig) refers to defsig_fpe_inner.o(.text) for __rt_SIGFPE_inner
    defsig.o(CL$$defsig) refers to defsig_rtred_inner.o(.text) for __rt_SIGRTRED_inner
    defsig.o(CL$$defsig) refers to defsig_rtmem_inner.o(.text) for __rt_SIGRTMEM_inner
    libshutdown.o(.ARM.Collect$$libshutdown$$00000000) refers (Special) to libshutdown2.o(.ARM.Collect$$libshutdown$$00000006) for __rt_lib_shutdown_fp_trap_1
    libshutdown.o(.ARM.Collect$$libshutdown$$00000000) refers (Special) to libshutdown2.o(.ARM.Collect$$libshutdown$$0000000E) for __rt_lib_shutdown_heap_1
    libshutdown.o(.ARM.Collect$$libshutdown$$00000000) refers (Special) to libshutdown2.o(.ARM.Collect$$libshutdown$$0000000F) for __rt_lib_shutdown_return
    libshutdown.o(.ARM.Collect$$libshutdown$$00000000) refers (Special) to libshutdown2.o(.ARM.Collect$$libshutdown$$00000009) for __rt_lib_shutdown_signal_1
    libshutdown.o(.ARM.Collect$$libshutdown$$00000000) refers (Special) to libshutdown2.o(.ARM.Collect$$libshutdown$$00000003) for __rt_lib_shutdown_stdio_1
    libshutdown.o(.ARM.Collect$$libshutdown$$00000000) refers (Special) to libshutdown2.o(.ARM.Collect$$libshutdown$$0000000B) for __rt_lib_shutdown_user_alloc_1
    defsig_abrt_inner.o(.text) refers to defsig_general.o(.text) for __default_signal_display
    defsig_stak_inner.o(.text) refers to defsig_general.o(.text) for __default_signal_display
    defsig_pvfn_inner.o(.text) refers to defsig_general.o(.text) for __default_signal_display
    defsig_cppl_inner.o(.text) refers to defsig_general.o(.text) for __default_signal_display
    defsig_segv_inner.o(.text) refers to defsig_general.o(.text) for __default_signal_display
    defsig_other.o(.text) refers to defsig_general.o(.text) for __default_signal_display


==============================================================================

Removing Unused input sections from the image.

    Removing crc7.o(.text), (152 bytes).
    Removing crc7.o(.constdata), (256 bytes).
    Removing crc16.o(.text), (168 bytes).
    Removing trace.o(.bss), (128 bytes).
    Removing trace.o(.data), (1 bytes).

5 unused section(s) (total 705 bytes) removed from the image.

==============================================================================

Adding Veneers to the image

    Adding AT veneer (8 bytes, Inline) for call to '__rt_lib_init' from rtentry2.o(.ARM.Collect$$rtentry$$0000000A).
    Adding AT veneer (8 bytes, Inline) for call to '__rt_lib_shutdown' from rtexit2.o(.ARM.Collect$$rtexit$$00000003).
    Adding TA veneer (4 bytes, Inline) for call to '__rt_exit' from exit.o(.text).
    Adding AT veneer (8 bytes, Inline) for call to '__2printf' from main.o(.text).
    Adding TA veneer (4 bytes, Inline) for call to '__aeabi_memclr4' from initio.o(.text).
    Adding TA veneer (4 bytes, Inline) for call to '__rt_heap_descriptor' from h1_free.o(.text).
    Adding AT veneer (8 bytes, Inline) for call to '_sys_exit' from rtexit2.o(.ARM.Collect$$rtexit$$00000004).
    Adding TA veneer (4 bytes, Inline) for call to '__aeabi_errno_addr' from ftell.o(.text).
    Adding TA veneer (4 bytes, Inline) for call to '_fp_init' from libinit.o(.ARM.Collect$$libinit$$00000000).

9 Veneer(s) (total 52 bytes) added to the image.

==============================================================================

Image Symbol Table

    Local Symbols

    Symbol Name                              Value     Ov Type        Size  Object(Section)

    ../../angel/boardlib.s                   0x00000000   Number         0  boardinit2.o ABSOLUTE
    ../../angel/boardlib.s                   0x00000000   Number         0  boardinit3.o ABSOLUTE
    ../../angel/boardlib.s                   0x00000000   Number         0  boardinit1.o ABSOLUTE
    ../../angel/boardlib.s                   0x00000000   Number         0  boardshut.o ABSOLUTE
    ../../angel/handlers.s                   0x00000000   Number         0  __scatter_zi.o ABSOLUTE
    ../../angel/kernel.s                     0x00000000   Number         0  rtentry.o ABSOLUTE
    ../../angel/kernel.s                     0x00000000   Number         0  rtentry2.o ABSOLUTE
    ../../angel/kernel.s                     0x00000000   Number         0  rtexit.o ABSOLUTE
    ../../angel/kernel.s                     0x00000000   Number         0  rtexit2.o ABSOLUTE
    ../../angel/kernel.s                     0x00000000   Number         0  rtentry4.o ABSOLUTE
    ../../angel/rt.s                         0x00000000   Number         0  aeabi_idiv0.o ABSOLUTE
    ../../angel/rt.s                         0x00000000   Number         0  aeabi_idiv0_sigfpe.o ABSOLUTE
    ../../angel/rt.s                         0x00000000   Number         0  rt_div0.o ABSOLUTE
    ../../angel/rt.s                         0x00000000   Number         0  rt_errno_addr_intlibspace.o ABSOLUTE
    ../../angel/rt.s                         0x00000000   Number         0  rt_errno_addr.o ABSOLUTE
    ../../angel/rt.s                         0x00000000   Number         0  rt_heap_descriptor.o ABSOLUTE
    ../../angel/rt.s                         0x00000000   Number         0  rt_heap_descriptor_intlibspace.o ABSOLUTE
    ../../angel/rt.s                         0x00000000   Number         0  rt_raise.o ABSOLUTE
    ../../angel/rt.s                         0x00000000   Number         0  rt_fp_status_addr.o ABSOLUTE
    ../../angel/rt.s                         0x00000000   Number         0  rt_fp_status_addr_intlibspace.o ABSOLUTE
    ../../angel/scatter.s                    0x00000000   Number         0  __scatter.o ABSOLUTE
    ../../angel/startup.s                    0x00000000   Number         0  __main.o ABSOLUTE
    ../../angel/sys.s                        0x00000000   Number         0  libspace.o ABSOLUTE
    ../../angel/sys.s                        0x00000000   Number         0  use_no_semi.o ABSOLUTE
    ../../angel/sys.s                        0x00000000   Number         0  sys_stackheap_outer.o ABSOLUTE
    ../../angel/sys.s                        0x00000000   Number         0  mutex_dummy.o ABSOLUTE
    ../../angel/sys.s                        0x00000000   Number         0  indicate_semi.o ABSOLUTE
    ../../angel/sysapp.c                     0x00000000   Number         0  sys_command.o ABSOLUTE
    ../../angel/sysapp.c                     0x00000000   Number         0  sys_wrch.o ABSOLUTE
    ../../angel/sysapp.c                     0x00000000   Number         0  sys_exit.o ABSOLUTE
    ../../angel/sysapp.c                     0x00000000   Number         0  sys_io.o ABSOLUTE
    ../../armsys.c                           0x00000000   Number         0  no_argv.o ABSOLUTE
    ../../armsys.c                           0x00000000   Number         0  _get_argv_nomalloc.o ABSOLUTE
    ../../armsys.c                           0x00000000   Number         0  argv_veneer.o ABSOLUTE
    ../../armsys.c                           0x00000000   Number         0  argv_veneer.o ABSOLUTE
    ../../armsys.c                           0x00000000   Number         0  _get_argv.o ABSOLUTE
    ../../assert.c                           0x00000000   Number         0  assert_stdio.o ABSOLUTE
    ../../division.s                         0x00000000   Number         0  aeabi_sdiv.o ABSOLUTE
    ../../division.s                         0x00000000   Number         0  aeabi_sdiv_div0.o ABSOLUTE
    ../../divrt.s                            0x00000000   Number         0  divrt_7tdmi_div0.o ABSOLUTE
    ../../divrt.s                            0x00000000   Number         0  divrt_7tdmi.o ABSOLUTE
    ../../fpinit.s                           0x00000000   Number         0  fpinit.o ABSOLUTE
    ../../heap1.c                            0x00000000   Number         0  h1_extend.o ABSOLUTE
    ../../heap1.c                            0x00000000   Number         0  h1_alloc_mt.o ABSOLUTE
    ../../heap1.c                            0x00000000   Number         0  h1_alloc.o ABSOLUTE
    ../../heap1.c                            0x00000000   Number         0  h1_init_mt.o ABSOLUTE
    ../../heap1.c                            0x00000000   Number         0  h1_extend_mt.o ABSOLUTE
    ../../heap1.c                            0x00000000   Number         0  h1_final.o ABSOLUTE
    ../../heap1.c                            0x00000000   Number         0  h1_free.o ABSOLUTE
    ../../heap1.c                            0x00000000   Number         0  h1_free_mt.o ABSOLUTE
    ../../heap1.c                            0x00000000   Number         0  h1_final_mt.o ABSOLUTE
    ../../heap1.c                            0x00000000   Number         0  h1_init.o ABSOLUTE
    ../../heap2.c                            0x00000000   Number         0  fdtree.o ABSOLUTE
    ../../heap2.c                            0x00000000   Number         0  heap2.o ABSOLUTE
    ../../heap2.c                            0x00000000   Number         0  heap2mt.o ABSOLUTE
    ../../heapalloc.c                        0x00000000   Number         0  heapstubs.o ABSOLUTE
    ../../heapalloc.c                        0x00000000   Number         0  maybetermalloc2.o ABSOLUTE
    ../../heapalloc.c                        0x00000000   Number         0  hrguard.o ABSOLUTE
    ../../heapalloc.c                        0x00000000   Number         0  hguard.o ABSOLUTE
    ../../heapalloc.c                        0x00000000   Number         0  maybetermalloc1.o ABSOLUTE
    ../../heapalloc.c                        0x00000000   Number         0  term_alloc.o ABSOLUTE
    ../../heapalloc.c                        0x00000000   Number         0  maybetermalloc1.o ABSOLUTE
    ../../heapalloc.c                        0x00000000   Number         0  malloc.o ABSOLUTE
    ../../heapalloc.c                        0x00000000   Number         0  init_alloc.o ABSOLUTE
    ../../heapalloc.c                        0x00000000   Number         0  maybetermalloc2.o ABSOLUTE
    ../../heapalloc.c                        0x00000000   Number         0  free.o ABSOLUTE
    ../../heapaux.c                          0x00000000   Number         0  heapauxi.o ABSOLUTE
    ../../heapaux.c                          0x00000000   Number         0  heapauxa.o ABSOLUTE
    ../../libinit.s                          0x00000000   Number         0  libinit.o ABSOLUTE
    ../../libinit.s                          0x00000000   Number         0  libshutdown2.o ABSOLUTE
    ../../libinit.s                          0x00000000   Number         0  libshutdown.o ABSOLUTE
    ../../libinit.s                          0x00000000   Number         0  libinit2.o ABSOLUTE
    ../../memcpset.s                         0x00000000   Number         0  rt_memcpy.o ABSOLUTE
    ../../memcpset.s                         0x00000000   Number         0  rt_memclr_w.o ABSOLUTE
    ../../memcpset.s                         0x00000000   Number         0  rt_memcpy_w.o ABSOLUTE
    ../../printf.c                           0x00000000   Number         0  _printf_char_common.o ABSOLUTE
    ../../printf.c                           0x00000000   Number         0  _printf_char_file.o ABSOLUTE
    ../../printf.c                           0x00000000   Number         0  __printf_nopercent.o ABSOLUTE
    ../../printf.c                           0x00000000   Number         0  _printf_char_file_locked.o ABSOLUTE
    ../../printf.c                           0x00000000   Number         0  noretval__2printf.o ABSOLUTE
    ../../printf.c                           0x00000000   Number         0  __2printf.o ABSOLUTE
    ../../signal.c                           0x00000000   Number         0  defsig_fpe_formal.o ABSOLUTE
    ../../signal.c                           0x00000000   Number         0  defsig_rtmem_inner.o ABSOLUTE
    ../../signal.c                           0x00000000   Number         0  defsig_rtred_outer.o ABSOLUTE
    ../../signal.c                           0x00000000   Number         0  defsig_rtmem_formal.o ABSOLUTE
    ../../signal.c                           0x00000000   Number         0  defsig_rtmem_outer.o ABSOLUTE
    ../../signal.c                           0x00000000   Number         0  defsig_general.o ABSOLUTE
    ../../signal.c                           0x00000000   Number         0  __raise.o ABSOLUTE
    ../../signal.c                           0x00000000   Number         0  defsig_abrt_inner.o ABSOLUTE
    ../../signal.c                           0x00000000   Number         0  defsig_stak_inner.o ABSOLUTE
    ../../signal.c                           0x00000000   Number         0  defsig_rtred_formal.o ABSOLUTE
    ../../signal.c                           0x00000000   Number         0  defsig_rtred_inner.o ABSOLUTE
    ../../signal.c                           0x00000000   Number         0  defsig_fpe_outer.o ABSOLUTE
    ../../signal.c                           0x00000000   Number         0  defsig_pvfn_inner.o ABSOLUTE
    ../../signal.c                           0x00000000   Number         0  defsig_cppl_inner.o ABSOLUTE
    ../../signal.c                           0x00000000   Number         0  defsig_fpe_inner.o ABSOLUTE
    ../../signal.c                           0x00000000   Number         0  defsig_segv_inner.o ABSOLUTE
    ../../signal.c                           0x00000000   Number         0  defsig_exit.o ABSOLUTE
    ../../signal.c                           0x00000000   Number         0  defsig_other.o ABSOLUTE
    ../../signal.s                           0x00000000   Number         0  defsig.o ABSOLUTE
    ../../stdio.c                            0x00000000   Number         0  fclose.o ABSOLUTE
    ../../stdio.c                            0x00000000   Number         0  setvbuf_locked.o ABSOLUTE
    ../../stdio.c                            0x00000000   Number         0  fopen_locked.o ABSOLUTE
    ../../stdio.c                            0x00000000   Number         0  ferror.o ABSOLUTE
    ../../stdio.c                            0x00000000   Number         0  fseek.o ABSOLUTE
    ../../stdio.c                            0x00000000   Number         0  stdio.o ABSOLUTE
    ../../stdio.c                            0x00000000   Number         0  fwritefast.o ABSOLUTE
    ../../stdio.c                            0x00000000   Number         0  fwritefast_locked.o ABSOLUTE
    ../../stdio.c                            0x00000000   Number         0  fflush.o ABSOLUTE
    ../../stdio.c                            0x00000000   Number         0  fputs.o ABSOLUTE
    ../../stdio.c                            0x00000000   Number         0  ftell.o ABSOLUTE
    ../../stdio.c                            0x00000000   Number         0  fputs_locked.o ABSOLUTE
    ../../stdio.c                            0x00000000   Number         0  fflush_locked.o ABSOLUTE
    ../../stdio.c                            0x00000000   Number         0  stdio_streams.o ABSOLUTE
    ../../stdio.c                            0x00000000   Number         0  fputc.o ABSOLUTE
    ../../stdio.c                            0x00000000   Number         0  initio.o ABSOLUTE
    ../../stdio.c                            0x00000000   Number         0  fputc_locked.o ABSOLUTE
    ../../stdio.c                            0x00000000   Number         0  ferror_locked.o ABSOLUTE
    ../../stdio.c                            0x00000000   Number         0  initio_locked.o ABSOLUTE
    ../../stdio.c                            0x00000000   Number         0  flsbuf.o ABSOLUTE
    ../../stdio.c                            0x00000000   Number         0  setvbuf.o ABSOLUTE
    ../../stdio.c                            0x00000000   Number         0  streamlock.o ABSOLUTE
    ../../stdio.c                            0x00000000   Number         0  fopen.o ABSOLUTE
    ../../stdlib.c                           0x00000000   Number         0  exit.o ABSOLUTE
    ../../string.c                           0x00000000   Number         0  strlen.o ABSOLUTE
    ../../wchar.c                            0x00000000   Number         0  flsbuf_fwide.o ABSOLUTE
    ..\..\..\..\libs\crc16.c                 0x00000000   Number         0  crc16.o ABSOLUTE
    ..\..\..\..\libs\crc7.c                  0x00000000   Number         0  crc7.o ABSOLUTE
    ..\..\..\..\libs\trace.c                 0x00000000   Number         0  trace.o ABSOLUTE
    ..\cstartup.c                            0x00000000   Number         0  cstartup.o ABSOLUTE
    ..\delay.s                               0x00000000   Number         0  delay.o ABSOLUTE
    ..\startup.s                             0x00000000   Number         0  startup.o ABSOLUTE
    dc.s                                     0x00000000   Number         0  dc.o ABSOLUTE
    main.c                                   0x00000000   Number         0  main.o ABSOLUTE
    STARTUP                                  0x20000000   Section      224  startup.o(STARTUP)
    UNDEF_HANDLER                            0x2000003c   ARM Code       4  startup.o(STARTUP)
    SWI_HANDLER                              0x20000040   ARM Code       4  startup.o(STARTUP)
    PREFETCH_HANDLER                         0x20000044   ARM Code       4  startup.o(STARTUP)
    ABORT_HANDLER                            0x20000048   ARM Code       4  startup.o(STARTUP)
    IRQ_HANDLER                              0x2000004c   ARM Code       4  startup.o(STARTUP)
    FIQ_HANDLER                              0x20000050   ARM Code       4  startup.o(STARTUP)
    RESET_HANDLER                            0x20000054   ARM Code       0  startup.o(STARTUP)
    !!!main                                  0x200000e0   Section        8  __main.o(!!!main)
    !!!scatter                               0x200000e8   Section       60  __scatter.o(!!!scatter)
    !!handler_zi                             0x20000124   Section       44  __scatter_zi.o(!!handler_zi)
    .ARM.Collect$$libinit$$00000000          0x20000158   Section        6  libinit.o(.ARM.Collect$$libinit$$00000000)
    .ARM.Collect$$libinit$$00000001          0x2000015e   Section        8  libinit2.o(.ARM.Collect$$libinit$$00000001)
    .ARM.Collect$$libinit$$00000006          0x20000166   Section        0  libinit2.o(.ARM.Collect$$libinit$$00000006)
    .ARM.Collect$$libinit$$00000008          0x20000166   Section        0  libinit2.o(.ARM.Collect$$libinit$$00000008)
    .ARM.Collect$$libinit$$0000000A          0x20000166   Section        0  libinit2.o(.ARM.Collect$$libinit$$0000000A)
    .ARM.Collect$$libinit$$0000000D          0x20000166   Section        0  libinit2.o(.ARM.Collect$$libinit$$0000000D)
    .ARM.Collect$$libinit$$0000000F          0x20000166   Section        0  libinit2.o(.ARM.Collect$$libinit$$0000000F)
    .ARM.Collect$$libinit$$00000011          0x20000166   Section        0  libinit2.o(.ARM.Collect$$libinit$$00000011)
    .ARM.Collect$$libinit$$00000013          0x20000166   Section        0  libinit2.o(.ARM.Collect$$libinit$$00000013)
    .ARM.Collect$$libinit$$00000015          0x20000166   Section        0  libinit2.o(.ARM.Collect$$libinit$$00000015)
    .ARM.Collect$$libinit$$00000017          0x20000166   Section        0  libinit2.o(.ARM.Collect$$libinit$$00000017)
    .ARM.Collect$$libinit$$00000019          0x20000166   Section        0  libinit2.o(.ARM.Collect$$libinit$$00000019)
    .ARM.Collect$$libinit$$0000001B          0x20000166   Section        0  libinit2.o(.ARM.Collect$$libinit$$0000001B)
    .ARM.Collect$$libinit$$0000001D          0x20000166   Section        0  libinit2.o(.ARM.Collect$$libinit$$0000001D)
    .ARM.Collect$$libinit$$0000001F          0x20000166   Section        0  libinit2.o(.ARM.Collect$$libinit$$0000001F)
    .ARM.Collect$$libinit$$00000020          0x20000166   Section        4  libinit2.o(.ARM.Collect$$libinit$$00000020)
    .ARM.Collect$$libinit$$00000021          0x2000016a   Section        0  libinit2.o(.ARM.Collect$$libinit$$00000021)
    .ARM.Collect$$libinit$$00000028          0x2000016a   Section        0  libinit2.o(.ARM.Collect$$libinit$$00000028)
    .ARM.Collect$$libinit$$0000002A          0x2000016a   Section        0  libinit2.o(.ARM.Collect$$libinit$$0000002A)
    .ARM.Collect$$libinit$$0000002C          0x2000016a   Section        0  libinit2.o(.ARM.Collect$$libinit$$0000002C)
    .ARM.Collect$$libinit$$0000002E          0x2000016a   Section        0  libinit2.o(.ARM.Collect$$libinit$$0000002E)
    .ARM.Collect$$libinit$$0000002F          0x2000016a   Section       12  libinit2.o(.ARM.Collect$$libinit$$0000002F)
    .ARM.Collect$$libshutdown$$00000000      0x20000180   Section        4  libshutdown.o(.ARM.Collect$$libshutdown$$00000000)
    .ARM.Collect$$libshutdown$$00000002      0x20000184   Section        4  libshutdown2.o(.ARM.Collect$$libshutdown$$00000002)
    .ARM.Collect$$libshutdown$$00000003      0x20000188   Section        0  libshutdown2.o(.ARM.Collect$$libshutdown$$00000003)
    .ARM.Collect$$libshutdown$$00000006      0x20000188   Section        0  libshutdown2.o(.ARM.Collect$$libshutdown$$00000006)
    .ARM.Collect$$libshutdown$$00000009      0x20000188   Section        0  libshutdown2.o(.ARM.Collect$$libshutdown$$00000009)
    .ARM.Collect$$libshutdown$$0000000B      0x20000188   Section        0  libshutdown2.o(.ARM.Collect$$libshutdown$$0000000B)
    .ARM.Collect$$libshutdown$$0000000E      0x20000188   Section        0  libshutdown2.o(.ARM.Collect$$libshutdown$$0000000E)
    .ARM.Collect$$libshutdown$$0000000F      0x20000188   Section        6  libshutdown2.o(.ARM.Collect$$libshutdown$$0000000F)
    .ARM.Collect$$rtentry$$00000000          0x20000190   Section        0  rtentry.o(.ARM.Collect$$rtentry$$00000000)
    .ARM.Collect$$rtentry$$00000002          0x20000190   Section        0  rtentry2.o(.ARM.Collect$$rtentry$$00000002)
    .ARM.Collect$$rtentry$$00000004          0x20000190   Section        8  rtentry4.o(.ARM.Collect$$rtentry$$00000004)
    .ARM.Collect$$rtentry$$00000009          0x20000198   Section        0  rtentry2.o(.ARM.Collect$$rtentry$$00000009)
    .ARM.Collect$$rtentry$$0000000A          0x20000198   Section        4  rtentry2.o(.ARM.Collect$$rtentry$$0000000A)
    .ARM.Collect$$rtentry$$0000000C          0x2000019c   Section        0  rtentry2.o(.ARM.Collect$$rtentry$$0000000C)
    .ARM.Collect$$rtentry$$0000000D          0x2000019c   Section       40  rtentry2.o(.ARM.Collect$$rtentry$$0000000D)
    .ARM.Collect$$rtexit$$00000000           0x200001c8   Section        4  rtexit.o(.ARM.Collect$$rtexit$$00000000)
    .ARM.Collect$$rtexit$$00000002           0x200001cc   Section        0  rtexit2.o(.ARM.Collect$$rtexit$$00000002)
    .ARM.Collect$$rtexit$$00000003           0x200001cc   Section        4  rtexit2.o(.ARM.Collect$$rtexit$$00000003)
    .ARM.Collect$$rtexit$$00000004           0x200001d0   Section        8  rtexit2.o(.ARM.Collect$$rtexit$$00000004)
    .emb_text                                0x200001d8   Section        0  maybetermalloc1.o(.emb_text)
    .text                                    0x200001d8   Section        0  cstartup.o(.text)
    .text                                    0x20000440   Section        0  main.o(.text)
    .text                                    0x200004c0   Section        0  noretval__2printf.o(.text)
    .text                                    0x200004dc   Section      384  aeabi_sdiv.o(.text)
    __arm_div8                               0x20000508   ARM Code       0  aeabi_sdiv.o(.text)
    __arm_div5                               0x2000052c   ARM Code       0  aeabi_sdiv.o(.text)
    __arm_div2                               0x20000550   ARM Code       0  aeabi_sdiv.o(.text)
    __arm_div_large                          0x2000058c   ARM Code       0  aeabi_sdiv.o(.text)
    .text                                    0x2000065c   Section        0  heapauxi.o(.text)
    .text                                    0x20000664   Section        0  _printf_char_file.o(.text)
    .text                                    0x20000690   Section        0  _printf_char_common.o(.text)
    _printf_input_char                       0x20000691   Thumb Code    10  _printf_char_common.o(.text)
    .text                                    0x200006c0   Section        0  ferror.o(.text)
    .text                                    0x200006c8   Section        0  initio.o(.text)
    .text                                    0x2000080c   Section        0  sys_io.o(.text)
    .text                                    0x20000880   Section       96  sys_stackheap_outer.o(.text)
    .text                                    0x200008e0   Section        0  h1_free.o(.text)
    .text                                    0x20000934   Section        0  __printf_nopercent.o(.text)
    .text                                    0x20000960   Section        0  flsbuf.o(.text)
    .text                                    0x20000b58   Section        0  setvbuf.o(.text)
    .text                                    0x20000ba8   Section        0  fopen.o(.text)
    _freopen_locked                          0x20000ba9   Thumb Code     0  fopen.o(.text)
    .text                                    0x20000c98   Section        0  fclose.o(.text)
    .text                                    0x20000ce8   Section        0  exit.o(.text)
    .text                                    0x20000cf4   Section        0  defsig_rtred_outer.o(.text)
    .text                                    0x20000d08   Section       84  rt_memclr_w.o(.text)
    .text                                    0x20000d5c   Section       12  libspace.o(.text)
    .text                                    0x20000d68   Section        4  use_no_semi.o(.text)
    .text                                    0x20000d6c   Section        0  indicate_semi.o(.text)
    .text                                    0x20000d70   Section       12  rt_heap_descriptor_intlibspace.o(.text)
    .text                                    0x20000d7c   Section        0  hguard.o(.text)
    .text                                    0x20000d80   Section        0  init_alloc.o(.text)
    .text                                    0x20000e14   Section        0  h1_alloc.o(.text)
    .text                                    0x20000e84   Section        0  fseek.o(.text)
    .text                                    0x20000f7c   Section        0  stdio.o(.text)
    .text                                    0x20001078   Section        0  defsig_exit.o(.text)
    .text                                    0x20001088   Section        0  defsig_rtred_inner.o(.text)
    .text                                    0x200010c0   Section        0  strlen.o(.text)
    .text                                    0x2000110c   Section        0  sys_exit.o(.text)
    .text                                    0x20001118   Section       12  rt_fp_status_addr_intlibspace.o(.text)
    .text                                    0x20001124   Section        0  h1_init.o(.text)
    .text                                    0x20001132   Section        0  h1_extend.o(.text)
    .text                                    0x2000116a   Section        0  ftell.o(.text)
    .text                                    0x200011b0   Section        0  defsig_general.o(.text)
    .text                                    0x200011e8   Section        0  defsig_rtmem_outer.o(.text)
    .text                                    0x200011f8   Section        0  sys_wrch.o(.text)
    .text                                    0x2000120c   Section       12  rt_errno_addr_intlibspace.o(.text)
    .text                                    0x20001218   Section        0  defsig_rtmem_inner.o(.text)
    .text_udiv                               0x2000126c   Section       36  aeabi_sdiv.o(.text_udiv)
    DELAY                                    0x20001290   Section      120  delay.o(DELAY)
    STACK_HEAP                               0x20001308   Section       36  startup.o(STACK_HEAP)
    i.__ARM_common_call_via_r5               0x2000132c   Section        0  heap2.o(i.__ARM_common_call_via_r5)
    i.__ARM_common_call_via_r7               0x2000132e   Section        0  __printf_nopercent.o(i.__ARM_common_call_via_r7)
    i.fputc                                  0x20001330   Section        0  fputc.o(i.fputc)
    x$fpl$fpinit                             0x20001358   Section       24  fpinit.o(x$fpl$fpinit)
    .constdata                               0x20001370   Section        4  sys_io.o(.constdata)
    .constdata                               0x20001374   Section        4  sys_io.o(.constdata)
    .constdata                               0x20001378   Section        4  sys_io.o(.constdata)
    .data                                    0x2000138c   Section        4  stdio_streams.o(.data)
    .data                                    0x20001390   Section        4  stdio_streams.o(.data)
    .data                                    0x20001394   Section        4  stdio_streams.o(.data)
    .bss                                     0x20001398   Section       80  stdio_streams.o(.bss)
    .bss                                     0x200013e8   Section       80  stdio_streams.o(.bss)
    .bss                                     0x20001438   Section       80  stdio_streams.o(.bss)
    .bss                                     0x20001488   Section       96  libspace.o(.bss)

    Global Symbols

    Symbol Name                              Value     Ov Type        Size  Object(Section)

    BuildAttributes$$THM_ISAv1$ARM_ISAv4$S$PE$A:L22$X:L11$S22$IEEE1$IW$USESV6$~STKCKD$USESV7$~SHL$OTIME$ROPI$EBA8$UX$STANDARDLIB$REQ8$PRES8$EABIv2 0x00000000   Number         0  anon$$obj.o ABSOLUTE
    __ARM_use_no_argv                        0x00000000   Number         0  main.o ABSOLUTE
    __ARM_exceptions_init                     - Undefined Weak Reference
    __alloca_initialize                       - Undefined Weak Reference
    __cpp_initialize__aeabi_                  - Undefined Weak Reference
    __cxa_finalize                            - Undefined Weak Reference
    __rt_locale                               - Undefined Weak Reference
    __sigvec_lookup                           - Undefined Weak Reference
    __user_heap_extent                        - Undefined Weak Reference
    _atexit_init                              - Undefined Weak Reference
    _call_atexit_fns                          - Undefined Weak Reference
    _clock_init                               - Undefined Weak Reference
    _fp_trap_init                             - Undefined Weak Reference
    _fp_trap_shutdown                         - Undefined Weak Reference
    _get_lc_collate                           - Undefined Weak Reference
    _get_lc_ctype                             - Undefined Weak Reference
    _get_lc_monetary                          - Undefined Weak Reference
    _get_lc_numeric                           - Undefined Weak Reference
    _get_lc_time                              - Undefined Weak Reference
    _getenv_init                              - Undefined Weak Reference
    _handle_redirection                       - Undefined Weak Reference
    _mutex_acquire                            - Undefined Weak Reference
    _mutex_free                               - Undefined Weak Reference
    _mutex_release                            - Undefined Weak Reference
    _rand_init                                - Undefined Weak Reference
    _signal_finish                            - Undefined Weak Reference
    _signal_init                              - Undefined Weak Reference
    VCT_TABLE                                0x20000000   ARM Code       0  startup.o(STARTUP)
    __main                                   0x200000e0   ARM Code       8  __main.o(!!!main)
    __scatterload                            0x200000e8   ARM Code       0  __scatter.o(!!!scatter)
    __scatterload_rt2                        0x200000e8   ARM Code      52  __scatter.o(!!!scatter)
    __scatterload_null                       0x200000fc   ARM Code       0  __scatter.o(!!!scatter)
    __scatterload_zeroinit                   0x20000124   ARM Code      44  __scatter_zi.o(!!handler_zi)
    Inline ARM to Thumb Veneer to __rt_lib_init 0x20000150   ARM Code       8  libinit.o(.ARM.Collect$$libinit$$00000000)
    __rt_lib_init                            0x20000159   Thumb Code     0  libinit.o(.ARM.Collect$$libinit$$00000000)
    __rt_lib_init_heap_2                     0x2000015f   Thumb Code     0  libinit2.o(.ARM.Collect$$libinit$$00000001)
    __rt_lib_init_atexit_1                   0x20000167   Thumb Code     0  libinit2.o(.ARM.Collect$$libinit$$00000017)
    __rt_lib_init_clock_1                    0x20000167   Thumb Code     0  libinit2.o(.ARM.Collect$$libinit$$0000001D)
    __rt_lib_init_fp_trap_1                  0x20000167   Thumb Code     0  libinit2.o(.ARM.Collect$$libinit$$0000001B)
    __rt_lib_init_getenv_1                   0x20000167   Thumb Code     0  libinit2.o(.ARM.Collect$$libinit$$0000001F)
    __rt_lib_init_heap_1                     0x20000167   Thumb Code     0  libinit2.o(.ARM.Collect$$libinit$$00000006)
    __rt_lib_init_lc_collate_1               0x20000167   Thumb Code     0  libinit2.o(.ARM.Collect$$libinit$$0000000D)
    __rt_lib_init_lc_ctype_1                 0x20000167   Thumb Code     0  libinit2.o(.ARM.Collect$$libinit$$0000000F)
    __rt_lib_init_lc_monetary_1              0x20000167   Thumb Code     0  libinit2.o(.ARM.Collect$$libinit$$00000011)
    __rt_lib_init_lc_numeric_1               0x20000167   Thumb Code     0  libinit2.o(.ARM.Collect$$libinit$$00000013)
    __rt_lib_init_lc_time_1                  0x20000167   Thumb Code     0  libinit2.o(.ARM.Collect$$libinit$$00000015)
    __rt_lib_init_rand_1                     0x20000167   Thumb Code     0  libinit2.o(.ARM.Collect$$libinit$$0000000A)
    __rt_lib_init_signal_1                   0x20000167   Thumb Code     0  libinit2.o(.ARM.Collect$$libinit$$00000019)
    __rt_lib_init_stdio_2                    0x20000167   Thumb Code     0  libinit2.o(.ARM.Collect$$libinit$$00000020)
    __rt_lib_init_user_alloc_1               0x20000167   Thumb Code     0  libinit2.o(.ARM.Collect$$libinit$$00000008)
    __rt_lib_init_alloca_1                   0x2000016b   Thumb Code     0  libinit2.o(.ARM.Collect$$libinit$$0000002A)
    __rt_lib_init_argv_1                     0x2000016b   Thumb Code     0  libinit2.o(.ARM.Collect$$libinit$$00000028)
    __rt_lib_init_cpp_1                      0x2000016b   Thumb Code     0  libinit2.o(.ARM.Collect$$libinit$$0000002E)
    __rt_lib_init_exceptions_1               0x2000016b   Thumb Code     0  libinit2.o(.ARM.Collect$$libinit$$0000002C)
    __rt_lib_init_return                     0x2000016b   Thumb Code     0  libinit2.o(.ARM.Collect$$libinit$$0000002F)
    __rt_lib_init_stdio_1                    0x2000016b   Thumb Code     0  libinit2.o(.ARM.Collect$$libinit$$00000021)
    Inline ARM to Thumb Veneer to __rt_lib_shutdown 0x20000178   ARM Code       8  libshutdown.o(.ARM.Collect$$libshutdown$$00000000)
    __rt_lib_shutdown                        0x20000181   Thumb Code     0  libshutdown.o(.ARM.Collect$$libshutdown$$00000000)
    __rt_lib_shutdown_stdio_2                0x20000185   Thumb Code     0  libshutdown2.o(.ARM.Collect$$libshutdown$$00000002)
    __rt_lib_shutdown_fp_trap_1              0x20000189   Thumb Code     0  libshutdown2.o(.ARM.Collect$$libshutdown$$00000006)
    __rt_lib_shutdown_heap_1                 0x20000189   Thumb Code     0  libshutdown2.o(.ARM.Collect$$libshutdown$$0000000E)
    __rt_lib_shutdown_return                 0x20000189   Thumb Code     0  libshutdown2.o(.ARM.Collect$$libshutdown$$0000000F)
    __rt_lib_shutdown_signal_1               0x20000189   Thumb Code     0  libshutdown2.o(.ARM.Collect$$libshutdown$$00000009)
    __rt_lib_shutdown_stdio_1                0x20000189   Thumb Code     0  libshutdown2.o(.ARM.Collect$$libshutdown$$00000003)
    __rt_lib_shutdown_user_alloc_1           0x20000189   Thumb Code     0  libshutdown2.o(.ARM.Collect$$libshutdown$$0000000B)
    __rt_entry                               0x20000190   ARM Code       0  rtentry.o(.ARM.Collect$$rtentry$$00000000)
    __rt_entry_presh_1                       0x20000190   ARM Code       0  rtentry2.o(.ARM.Collect$$rtentry$$00000002)
    __rt_entry_sh                            0x20000190   ARM Code       0  rtentry4.o(.ARM.Collect$$rtentry$$00000004)
    __rt_entry_li                            0x20000198   ARM Code       0  rtentry2.o(.ARM.Collect$$rtentry$$0000000A)
    __rt_entry_postsh_1                      0x20000198   ARM Code       0  rtentry2.o(.ARM.Collect$$rtentry$$00000009)
    __rt_entry_main                          0x2000019c   ARM Code       0  rtentry2.o(.ARM.Collect$$rtentry$$0000000D)
    __rt_entry_postli_1                      0x2000019c   ARM Code       0  rtentry2.o(.ARM.Collect$$rtentry$$0000000C)
    Inline Thumb to ARM Veneer to __rt_exit  0x200001c5   Thumb Code     4  rtexit.o(.ARM.Collect$$rtexit$$00000000)
    __rt_exit                                0x200001c8   ARM Code       0  rtexit.o(.ARM.Collect$$rtexit$$00000000)
    __rt_exit_ls                             0x200001cc   ARM Code       0  rtexit2.o(.ARM.Collect$$rtexit$$00000003)
    __rt_exit_prels_1                        0x200001cc   ARM Code       0  rtexit2.o(.ARM.Collect$$rtexit$$00000002)
    __rt_exit_exit                           0x200001d0   ARM Code       0  rtexit2.o(.ARM.Collect$$rtexit$$00000004)
    EXTRAM_init                              0x200001d8   ARM Code     160  cstartup.o(.text)
    _maybe_terminate_alloc                   0x200001d9   Thumb Code     0  maybetermalloc1.o(.emb_text)
    PLLC_init                                0x20000278   ARM Code     316  cstartup.o(.text)
    REMAP                                    0x200003b4   ARM Code       4  cstartup.o(.text)
    _cstartup                                0x200003b8   ARM Code     104  cstartup.o(.text)
    main                                     0x20000440   ARM Code      68  main.o(.text)
    Inline ARM to Thumb Veneer to __2printf  0x200004b8   ARM Code       8  noretval__2printf.o(.text)
    __2printf                                0x200004c1   Thumb Code    22  noretval__2printf.o(.text)
    __aeabi_idiv                             0x200004dc   ARM Code       0  aeabi_sdiv.o(.text)
    __aeabi_idivmod                          0x200004dc   ARM Code     384  aeabi_sdiv.o(.text)
    __use_two_region_memory                  0x2000065d   Thumb Code     2  heapauxi.o(.text)
    __rt_heap_escrow                         0x2000065f   Thumb Code     2  heapauxi.o(.text)
    __rt_heap_expand                         0x20000661   Thumb Code     2  heapauxi.o(.text)
    _printf_char_file                        0x20000665   Thumb Code    38  _printf_char_file.o(.text)
    _printf_char_common                      0x2000069b   Thumb Code    34  _printf_char_common.o(.text)
    ferror                                   0x200006c1   Thumb Code     8  ferror.o(.text)
    _initio                                  0x200006c9   Thumb Code   220  initio.o(.text)
    _terminateio                             0x200007a5   Thumb Code    60  initio.o(.text)
    _sys_open                                0x2000080d   Thumb Code    24  sys_io.o(.text)
    _sys_close                               0x20000825   Thumb Code    14  sys_io.o(.text)
    _sys_write                               0x20000833   Thumb Code    20  sys_io.o(.text)
    _sys_read                                0x20000847   Thumb Code    14  sys_io.o(.text)
    _sys_istty                               0x20000855   Thumb Code    12  sys_io.o(.text)
    _sys_seek                                0x20000861   Thumb Code    18  sys_io.o(.text)
    _sys_ensure                              0x20000873   Thumb Code     2  sys_io.o(.text)
    _sys_flen                                0x20000875   Thumb Code    12  sys_io.o(.text)
    __user_setup_stackheap                   0x20000880   ARM Code      96  sys_stackheap_outer.o(.text)
    free                                     0x200008e1   Thumb Code    84  h1_free.o(.text)
    __printf                                 0x20000935   Thumb Code    42  __printf_nopercent.o(.text)
    __flsbuf                                 0x20000961   Thumb Code   496  flsbuf.o(.text)
    __flsbuf_byte                            0x20000961   Thumb Code     0  flsbuf.o(.text)
    __flsbuf_wide                            0x20000961   Thumb Code     0  flsbuf.o(.text)
    setvbuf                                  0x20000b59   Thumb Code    74  setvbuf.o(.text)
    freopen                                  0x20000ba9   Thumb Code   152  fopen.o(.text)
    fopen                                    0x20000c41   Thumb Code    80  fopen.o(.text)
    _fclose_internal                         0x20000c99   Thumb Code    76  fclose.o(.text)
    fclose                                   0x20000c99   Thumb Code     0  fclose.o(.text)
    exit                                     0x20000ce9   Thumb Code    12  exit.o(.text)
    __rt_SIGRTRED                            0x20000cf5   Thumb Code    16  defsig_rtred_outer.o(.text)
    Inline Thumb to ARM Veneer to __aeabi_memclr4 0x20000d05   Thumb Code     4  rt_memclr_w.o(.text)
    __aeabi_memclr4                          0x20000d08   ARM Code       0  rt_memclr_w.o(.text)
    __aeabi_memclr8                          0x20000d08   ARM Code       0  rt_memclr_w.o(.text)
    __rt_memclr_w                            0x20000d08   ARM Code      84  rt_memclr_w.o(.text)
    _memset_w                                0x20000d0c   ARM Code       0  rt_memclr_w.o(.text)
    __user_libspace                          0x20000d5c   ARM Code      12  libspace.o(.text)
    __user_perproc_libspace                  0x20000d5c   ARM Code       0  libspace.o(.text)
    __user_perthread_libspace                0x20000d5c   ARM Code       0  libspace.o(.text)
    __I$use$semihosting                      0x20000d68   ARM Code       0  use_no_semi.o(.text)
    __use_no_semihosting_swi                 0x20000d68   ARM Code       4  use_no_semi.o(.text)
    Inline Thumb to ARM Veneer to __rt_heap_descriptor 0x20000d6d   Thumb Code     4  rt_heap_descriptor_intlibspace.o(.text)
    __semihosting_library_function           0x20000d6c   ARM Code       0  indicate_semi.o(.text)
    __rt_heap_descriptor                     0x20000d70   ARM Code      12  rt_heap_descriptor_intlibspace.o(.text)
    __use_no_heap                            0x20000d7d   Thumb Code     2  hguard.o(.text)
    __heap$guard                             0x20000d7f   Thumb Code     2  hguard.o(.text)
    _terminate_user_alloc                    0x20000d81   Thumb Code     2  init_alloc.o(.text)
    _init_user_alloc                         0x20000d83   Thumb Code     2  init_alloc.o(.text)
    __Heap_Full                              0x20000d85   Thumb Code    36  init_alloc.o(.text)
    __Heap_Broken                            0x20000da9   Thumb Code    14  init_alloc.o(.text)
    _init_alloc                              0x20000db7   Thumb Code    94  init_alloc.o(.text)
    malloc                                   0x20000e15   Thumb Code   110  h1_alloc.o(.text)
    _fseek                                   0x20000e85   Thumb Code   244  fseek.o(.text)
    fseek                                    0x20000e85   Thumb Code     0  fseek.o(.text)
    _seterr                                  0x20000f7d   Thumb Code    20  stdio.o(.text)
    _writebuf                                0x20000f91   Thumb Code    80  stdio.o(.text)
    _fflush                                  0x20000fe1   Thumb Code    80  stdio.o(.text)
    _deferredlazyseek                        0x20001031   Thumb Code    64  stdio.o(.text)
    __sig_exit                               0x20001079   Thumb Code    16  defsig_exit.o(.text)
    __rt_SIGRTRED_inner                      0x20001089   Thumb Code    18  defsig_rtred_inner.o(.text)
    strlen                                   0x200010c1   Thumb Code    64  strlen.o(.text)
    Inline ARM to Thumb Veneer to _sys_exit  0x20001104   ARM Code       8  sys_exit.o(.text)
    _sys_exit                                0x2000110d   Thumb Code     8  sys_exit.o(.text)
    __rt_fp_status_addr                      0x20001118   ARM Code      12  rt_fp_status_addr_intlibspace.o(.text)
    __Heap_Initialize                        0x20001125   Thumb Code    10  h1_init.o(.text)
    __Heap_DescSize                          0x2000112f   Thumb Code     4  h1_init.o(.text)
    __Heap_ProvideMemory                     0x20001133   Thumb Code    56  h1_extend.o(.text)
    _ftell_internal                          0x2000116b   Thumb Code    70  ftell.o(.text)
    ftell                                    0x2000116b   Thumb Code     0  ftell.o(.text)
    __default_signal_display                 0x200011b1   Thumb Code    56  defsig_general.o(.text)
    __rt_SIGRTMEM                            0x200011e9   Thumb Code    16  defsig_rtmem_outer.o(.text)
    _ttywrch                                 0x200011f9   Thumb Code    16  sys_wrch.o(.text)
    Inline Thumb to ARM Veneer to __aeabi_errno_addr 0x20001209   Thumb Code     4  rt_errno_addr_intlibspace.o(.text)
    __aeabi_errno_addr                       0x2000120c   ARM Code      12  rt_errno_addr_intlibspace.o(.text)
    __errno$intlibspace                      0x2000120c   ARM Code       0  rt_errno_addr_intlibspace.o(.text)
    __rt_errno_addr$intlibspace              0x2000120c   ARM Code       0  rt_errno_addr_intlibspace.o(.text)
    __rt_SIGRTMEM_inner                      0x20001219   Thumb Code    26  defsig_rtmem_inner.o(.text)
    __aeabi_uidiv                            0x2000126c   ARM Code       0  aeabi_sdiv.o(.text_udiv)
    __aeabi_uidivmod                         0x2000126c   ARM Code      36  aeabi_sdiv.o(.text_udiv)
    GPIOR_DELAYUS                            0x20001290   ARM Code       0  delay.o(DELAY)
    __user_initial_stackheap                 0x20001308   ARM Code       0  startup.o(STACK_HEAP)
    __ARM_common_call_via_r5                 0x2000132d   Thumb Code     2  heap2.o(i.__ARM_common_call_via_r5)
    __ARM_common_call_via_r7                 0x2000132f   Thumb Code     2  __printf_nopercent.o(i.__ARM_common_call_via_r7)
    fputc                                    0x20001331   Thumb Code    36  fputc.o(i.fputc)
    Inline Thumb to ARM Veneer to _fp_init   0x20001355   Thumb Code     4  fpinit.o(x$fpl$fpinit)
    _fp_init                                 0x20001358   ARM Code      24  fpinit.o(x$fpl$fpinit)
    __fplib_config_pureend_doubles           0x20001368   ARM Code       0  fpinit.o(x$fpl$fpinit)
    __stdin_name                             0x20001370   Data           4  sys_io.o(.constdata)
    __stdout_name                            0x20001374   Data           4  sys_io.o(.constdata)
    __stderr_name                            0x20001378   Data           4  sys_io.o(.constdata)
    Region$$Table$$Base                      0x2000137c   Number         0  anon$$obj.o(Region$$Table)
    Region$$Table$$Limit                     0x2000138c   Number         0  anon$$obj.o(Region$$Table)
    __aeabi_stdin                            0x2000138c   Data           4  stdio_streams.o(.data)
    __aeabi_stdout                           0x20001390   Data           4  stdio_streams.o(.data)
    __aeabi_stderr                           0x20001394   Data           4  stdio_streams.o(.data)
    __stdin                                  0x20001398   Data          80  stdio_streams.o(.bss)
    __stdout                                 0x200013e8   Data          80  stdio_streams.o(.bss)
    __stderr                                 0x20001438   Data          80  stdio_streams.o(.bss)
    __libspace_start                         0x20001488   Data          96  libspace.o(.bss)
    Image$$HEAP$$Limit                       0x200014e8   Number         0  anon$$obj.o(linker$$defined$$symbols)
    __temporary_stack_top$libspace           0x200014e8   Data           0  libspace.o(.bss)



==============================================================================

Memory Map of the image

  Image Entry point : 0x20000000

  Load Region LR1 (Base: 0x20000000, Size: 0x00001398, Max: 0xffffffff, ABSOLUTE)

    Execution Region RAM_RO (Base: 0x20000000, Size: 0x0000138c, Max: 0x00400000, ABSOLUTE)

    Base Addr    Size         Type   Attr      Idx    E Section Name        Object

    0x20000000   0x000000e0   Code   RO           22  * STARTUP             startup.o
    0x200000e0   0x00000008   Code   RO          130  * !!!main             c_t.l(__main.o)
    0x200000e8   0x0000003c   Code   RO          497    !!!scatter          c_t.l(__scatter.o)
    0x20000124   0x0000002c   Code   RO          499    !!handler_zi        c_t.l(__scatter_zi.o)
    0x20000150   0x00000008   Ven    RO          281    .ARM.Collect$$libinit$$00000000  c_t.l(libinit.o)
    0x20000158   0x00000006   Code   RO          281    .ARM.Collect$$libinit$$00000000  c_t.l(libinit.o)
    0x2000015e   0x00000008   Code   RO          282    .ARM.Collect$$libinit$$00000001  c_t.l(libinit2.o)
    0x20000166   0x00000000   Code   RO          284    .ARM.Collect$$libinit$$00000006  c_t.l(libinit2.o)
    0x20000166   0x00000000   Code   RO          286    .ARM.Collect$$libinit$$00000008  c_t.l(libinit2.o)
    0x20000166   0x00000000   Code   RO          288    .ARM.Collect$$libinit$$0000000A  c_t.l(libinit2.o)
    0x20000166   0x00000000   Code   RO          291    .ARM.Collect$$libinit$$0000000D  c_t.l(libinit2.o)
    0x20000166   0x00000000   Code   RO          293    .ARM.Collect$$libinit$$0000000F  c_t.l(libinit2.o)
    0x20000166   0x00000000   Code   RO          295    .ARM.Collect$$libinit$$00000011  c_t.l(libinit2.o)
    0x20000166   0x00000000   Code   RO          297    .ARM.Collect$$libinit$$00000013  c_t.l(libinit2.o)
    0x20000166   0x00000000   Code   RO          299    .ARM.Collect$$libinit$$00000015  c_t.l(libinit2.o)
    0x20000166   0x00000000   Code   RO          301    .ARM.Collect$$libinit$$00000017  c_t.l(libinit2.o)
    0x20000166   0x00000000   Code   RO          303    .ARM.Collect$$libinit$$00000019  c_t.l(libinit2.o)
    0x20000166   0x00000000   Code   RO          305    .ARM.Collect$$libinit$$0000001B  c_t.l(libinit2.o)
    0x20000166   0x00000000   Code   RO          307    .ARM.Collect$$libinit$$0000001D  c_t.l(libinit2.o)
    0x20000166   0x00000000   Code   RO          309    .ARM.Collect$$libinit$$0000001F  c_t.l(libinit2.o)
    0x20000166   0x00000004   Code   RO          310    .ARM.Collect$$libinit$$00000020  c_t.l(libinit2.o)
    0x2000016a   0x00000000   Code   RO          311    .ARM.Collect$$libinit$$00000021  c_t.l(libinit2.o)
    0x2000016a   0x00000000   Code   RO          315    .ARM.Collect$$libinit$$00000028  c_t.l(libinit2.o)
    0x2000016a   0x00000000   Code   RO          317    .ARM.Collect$$libinit$$0000002A  c_t.l(libinit2.o)
    0x2000016a   0x00000000   Code   RO          319    .ARM.Collect$$libinit$$0000002C  c_t.l(libinit2.o)
    0x2000016a   0x00000000   Code   RO          321    .ARM.Collect$$libinit$$0000002E  c_t.l(libinit2.o)
    0x2000016a   0x0000000c   Code   RO          322    .ARM.Collect$$libinit$$0000002F  c_t.l(libinit2.o)
    0x20000176   0x00000002   PAD
    0x20000178   0x00000008   Ven    RO          477    .ARM.Collect$$libshutdown$$00000000  c_t.l(libshutdown.o)
    0x20000180   0x00000004   Code   RO          477    .ARM.Collect$$libshutdown$$00000000  c_t.l(libshutdown.o)
    0x20000184   0x00000004   Code   RO          324    .ARM.Collect$$libshutdown$$00000002  c_t.l(libshutdown2.o)
    0x20000188   0x00000000   Code   RO          325    .ARM.Collect$$libshutdown$$00000003  c_t.l(libshutdown2.o)
    0x20000188   0x00000000   Code   RO          328    .ARM.Collect$$libshutdown$$00000006  c_t.l(libshutdown2.o)
    0x20000188   0x00000000   Code   RO          331    .ARM.Collect$$libshutdown$$00000009  c_t.l(libshutdown2.o)
    0x20000188   0x00000000   Code   RO          333    .ARM.Collect$$libshutdown$$0000000B  c_t.l(libshutdown2.o)
    0x20000188   0x00000000   Code   RO          336    .ARM.Collect$$libshutdown$$0000000E  c_t.l(libshutdown2.o)
    0x20000188   0x00000006   Code   RO          337    .ARM.Collect$$libshutdown$$0000000F  c_t.l(libshutdown2.o)
    0x2000018e   0x00000002   PAD
    0x20000190   0x00000000   Code   RO          132    .ARM.Collect$$rtentry$$00000000  c_t.l(rtentry.o)
    0x20000190   0x00000000   Code   RO          146    .ARM.Collect$$rtentry$$00000002  c_t.l(rtentry2.o)
    0x20000190   0x00000008   Code   RO          158    .ARM.Collect$$rtentry$$00000004  c_t.l(rtentry4.o)
    0x20000198   0x00000000   Code   RO          148    .ARM.Collect$$rtentry$$00000009  c_t.l(rtentry2.o)
    0x20000198   0x00000004   Code   RO          149    .ARM.Collect$$rtentry$$0000000A  c_t.l(rtentry2.o)
    0x2000019c   0x00000000   Code   RO          151    .ARM.Collect$$rtentry$$0000000C  c_t.l(rtentry2.o)
    0x2000019c   0x00000028   Code   RO          152    .ARM.Collect$$rtentry$$0000000D  c_t.l(rtentry2.o)
    0x200001c4   0x00000004   Ven    RO          346    .ARM.Collect$$rtexit$$00000000  c_t.l(rtexit.o)
    0x200001c8   0x00000004   Code   RO          346    .ARM.Collect$$rtexit$$00000000  c_t.l(rtexit.o)
    0x200001cc   0x00000000   Code   RO          406    .ARM.Collect$$rtexit$$00000002  c_t.l(rtexit2.o)
    0x200001cc   0x00000004   Code   RO          407    .ARM.Collect$$rtexit$$00000003  c_t.l(rtexit2.o)
    0x200001d0   0x00000008   Code   RO          408    .ARM.Collect$$rtexit$$00000004  c_t.l(rtexit2.o)
    0x200001d8   0x00000000   Code   RO          417    .emb_text           c_t.l(maybetermalloc1.o)
    0x200001d8   0x00000268   Code   RO            2    .text               cstartup.o
    0x20000440   0x00000078   Code   RO           29    .text               main.o
    0x200004b8   0x00000008   Ven    RO          110    .text               c_t.l(noretval__2printf.o)
    0x200004c0   0x0000001c   Code   RO          110    .text               c_t.l(noretval__2printf.o)
    0x200004dc   0x00000180   Code   RO          112    .text               c_t.l(aeabi_sdiv.o)
    0x2000065c   0x00000006   Code   RO          128    .text               c_t.l(heapauxi.o)
    0x20000662   0x00000002   PAD
    0x20000664   0x0000002c   Code   RO          137    .text               c_t.l(_printf_char_file.o)
    0x20000690   0x00000030   Code   RO          162    .text               c_t.l(_printf_char_common.o)
    0x200006c0   0x00000008   Code   RO          164    .text               c_t.l(ferror.o)
    0x200006c8   0x00000144   Code   RO          170    .text               c_t.l(initio.o)
    0x2000080c   0x00000074   Code   RO          178    .text               c_t.l(sys_io.o)
    0x20000880   0x00000060   Code   RO          185    .text               c_t.l(sys_stackheap_outer.o)
    0x200008e0   0x00000054   Code   RO          189    .text               c_t.l(h1_free.o)
    0x20000934   0x0000002a   Code   RO          247    .text               c_t.l(__printf_nopercent.o)
    0x2000095e   0x00000002   PAD
    0x20000960   0x000001f8   Code   RO          251    .text               c_t.l(flsbuf.o)
    0x20000b58   0x00000050   Code   RO          253    .text               c_t.l(setvbuf.o)
    0x20000ba8   0x000000f0   Code   RO          256    .text               c_t.l(fopen.o)
    0x20000c98   0x00000050   Code   RO          258    .text               c_t.l(fclose.o)
    0x20000ce8   0x0000000c   Code   RO          264    .text               c_t.l(exit.o)
    0x20000cf4   0x00000010   Code   RO          270    .text               c_t.l(defsig_rtred_outer.o)
    0x20000d04   0x00000004   Ven    RO          274    .text               c_t.l(rt_memclr_w.o)
    0x20000d08   0x00000054   Code   RO          274    .text               c_t.l(rt_memclr_w.o)
    0x20000d5c   0x0000000c   Code   RO          340    .text               c_t.l(libspace.o)
    0x20000d68   0x00000004   Code   RO          343    .text               c_t.l(use_no_semi.o)
    0x20000d6c   0x00000000   Code   RO          345    .text               c_t.l(indicate_semi.o)
    0x20000d6c   0x00000004   Ven    RO          353    .text               c_t.l(rt_heap_descriptor_intlibspace.o)
    0x20000d70   0x0000000c   Code   RO          353    .text               c_t.l(rt_heap_descriptor_intlibspace.o)
    0x20000d7c   0x00000004   Code   RO          355    .text               c_t.l(hguard.o)
    0x20000d80   0x00000094   Code   RO          357    .text               c_t.l(init_alloc.o)
    0x20000e14   0x0000006e   Code   RO          363    .text               c_t.l(h1_alloc.o)
    0x20000e82   0x00000002   PAD
    0x20000e84   0x000000f8   Code   RO          379    .text               c_t.l(fseek.o)
    0x20000f7c   0x000000fc   Code   RO          381    .text               c_t.l(stdio.o)
    0x20001078   0x00000010   Code   RO          387    .text               c_t.l(defsig_exit.o)
    0x20001088   0x00000038   Code   RO          391    .text               c_t.l(defsig_rtred_inner.o)
    0x200010c0   0x00000044   Code   RO          395    .text               c_t.l(strlen.o)
    0x20001104   0x00000008   Ven    RO          403    .text               c_t.l(sys_exit.o)
    0x2000110c   0x0000000c   Code   RO          403    .text               c_t.l(sys_exit.o)
    0x20001118   0x0000000c   Code   RO          415    .text               c_t.l(rt_fp_status_addr_intlibspace.o)
    0x20001124   0x0000000e   Code   RO          419    .text               c_t.l(h1_init.o)
    0x20001132   0x00000038   Code   RO          421    .text               c_t.l(h1_extend.o)
    0x2000116a   0x00000046   Code   RO          431    .text               c_t.l(ftell.o)
    0x200011b0   0x00000038   Code   RO          441    .text               c_t.l(defsig_general.o)
    0x200011e8   0x00000010   Code   RO          443    .text               c_t.l(defsig_rtmem_outer.o)
    0x200011f8   0x00000010   Code   RO          458    .text               c_t.l(sys_wrch.o)
    0x20001208   0x00000004   Ven    RO          465    .text               c_t.l(rt_errno_addr_intlibspace.o)
    0x2000120c   0x0000000c   Code   RO          465    .text               c_t.l(rt_errno_addr_intlibspace.o)
    0x20001218   0x00000054   Code   RO          471    .text               c_t.l(defsig_rtmem_inner.o)
    0x2000126c   0x00000024   Code   RO          113    .text_udiv          c_t.l(aeabi_sdiv.o)
    0x20001290   0x00000078   Code   RO           62    DELAY               delay.o
    0x20001308   0x00000024   Code   RO           23    STACK_HEAP          startup.o
    0x2000132c   0x00000002   Code   RO          220    i.__ARM_common_call_via_r5  c_t.l(heap2.o)
    0x2000132e   0x00000002   Code   RO          249    i.__ARM_common_call_via_r7  c_t.l(__printf_nopercent.o)
    0x20001330   0x00000024   Code   RO          167    i.fputc             c_t.l(fputc.o)
    0x20001354   0x00000004   Ven    RO          401    x$fpl$fpinit        fz_ts.l(fpinit.o)
    0x20001358   0x00000018   Code   RO          401    x$fpl$fpinit        fz_ts.l(fpinit.o)
    0x20001370   0x00000004   Data   RO          179    .constdata          c_t.l(sys_io.o)
    0x20001374   0x00000004   Data   RO          180    .constdata          c_t.l(sys_io.o)
    0x20001378   0x00000004   Data   RO          181    .constdata          c_t.l(sys_io.o)
    0x2000137c   0x00000010   Data   RO          494    Region$$Table       anon$$obj.o


    Execution Region RAM_RW (Base: 0x2000138c, Size: 0x0000000c, Max: 0xffffffff, ABSOLUTE)

    Base Addr    Size         Type   Attr      Idx    E Section Name        Object

    0x2000138c   0x00000004   Data   RW          142    .data               c_t.l(stdio_streams.o)
    0x20001390   0x00000004   Data   RW          143    .data               c_t.l(stdio_streams.o)
    0x20001394   0x00000004   Data   RW          144    .data               c_t.l(stdio_streams.o)


    Execution Region RAM_ZI (Base: 0x20001398, Size: 0x00000150, Max: 0xffffffff, ABSOLUTE)

    Base Addr    Size         Type   Attr      Idx    E Section Name        Object

    0x20001398   0x00000050   Zero   RW          139    .bss                c_t.l(stdio_streams.o)
    0x200013e8   0x00000050   Zero   RW          140    .bss                c_t.l(stdio_streams.o)
    0x20001438   0x00000050   Zero   RW          141    .bss                c_t.l(stdio_streams.o)
    0x20001488   0x00000060   Zero   RW          341    .bss                c_t.l(libspace.o)


    Execution Region HEAP (Base: 0x200014e8, Size: 0x00000000, Max: 0x00000000, ABSOLUTE, UNINIT)

    Base Addr    Size         Type   Attr      Idx    E Section Name        Object

    0x200014e8   0x00000000   Data   RW          496    linker$$defined$$symbols  anon$$obj.o
    0x200014e8   0x00000000   Zero   RW            1    HEAP.bss            anon$$obj.o


==============================================================================

Image component sizes


      Code (inc. data)   RO Data    RW Data    ZI Data      Debug   Object Name

       616         32          0          0          0      95308   cstartup.o
       120          0          0          0          0        212   delay.o
       120         52          0          0          0        683   main.o
       260         52          0          0          0        496   startup.o

    ----------------------------------------------------------------------
      1116        136         16          0          0      96699   Object Totals
         0          0         16          0          0          0   (incl. Generated)
         0          0          0          0          0          0   (incl. Padding)

    ----------------------------------------------------------------------

      Code (inc. data)   RO Data    RW Data    ZI Data      Debug   Library Member Name

         8          0          0          0          0         68   __main.o
        44          0          0          0          0        148   __printf_nopercent.o
        60          8          0          0          0          0   __scatter.o
        44          0          0          0          0          0   __scatter_zi.o
        48          4          0          0          0         96   _printf_char_common.o
        44          6          0          0          0         88   _printf_char_file.o
       420          0          0          0          0        148   aeabi_sdiv.o
        16          0          0          0          0         80   defsig_exit.o
        56          0          0          0          0         84   defsig_general.o
        84         58          0          0          0         80   defsig_rtmem_inner.o
        16          0          0          0          0         80   defsig_rtmem_outer.o
        56         38          0          0          0         80   defsig_rtred_inner.o
        16          0          0          0          0         80   defsig_rtred_outer.o
        12          0          0          0          0         64   exit.o
        80          4          0          0          0         92   fclose.o
         8          0          0          0          0         60   ferror.o
       504          8          0          0          0         92   flsbuf.o
       240          8          0          0          0        140   fopen.o
        36          0          0          0          0         80   fputc.o
       248          4          0          0          0         92   fseek.o
        70          0          0          0          0         80   ftell.o
       110          0          0          0          0        116   h1_alloc.o
        56          0          0          0          0         80   h1_extend.o
        84          0          0          0          0        100   h1_free.o
        14          0          0          0          0         76   h1_init.o
         2          0          0          0          0         60   heap2.o
         6          0          0          0          0        136   heapauxi.o
         4          0          0          0          0        120   hguard.o
         0          0          0          0          0          0   indicate_semi.o
       148          0          0          0          0        192   init_alloc.o
       324         44          0          0          0        120   initio.o
        14          0          0          0          0          0   libinit.o
        24          0          0          0          0          0   libinit2.o
        12          0          0          0          0          0   libshutdown.o
        10          0          0          0          0          0   libshutdown2.o
        12          4          0          0         96         68   libspace.o
         0          0          0          0          0          0   maybetermalloc1.o
        36          6          0          0          0         84   noretval__2printf.o
        16          4          0          0          0         68   rt_errno_addr_intlibspace.o
        12          4          0          0          0         68   rt_fp_status_addr_intlibspace.o
        16          4          0          0          0         68   rt_heap_descriptor_intlibspace.o
        88          0          0          0          0         80   rt_memclr_w.o
         0          0          0          0          0          0   rtentry.o
        44          4          0          0          0          0   rtentry2.o
         8          0          0          0          0          0   rtentry4.o
         8          0          0          0          0          0   rtexit.o
        12          0          0          0          0          0   rtexit2.o
        80          6          0          0          0         80   setvbuf.o
       252          8          0          0          0        184   stdio.o
         0          0          0         12        240          0   stdio_streams.o
        68          4          0          0          0         76   strlen.o
        20          4          0          0          0         60   sys_exit.o
       116          0         12          0          0        260   sys_io.o
        96          0          0          0          0         80   sys_stackheap_outer.o
        16          0          0          0          0         76   sys_wrch.o
         4          0          0          0          0         68   use_no_semi.o
        28          0          0          0          0         80   fpinit.o

    ----------------------------------------------------------------------
      3860        230         12         12        336       4132   Library Totals
        10          0          0          0          0          0   (incl. Padding)

    ----------------------------------------------------------------------

      Code (inc. data)   RO Data    RW Data    ZI Data      Debug   Library Name

      3822        230         12         12        336       4052   c_t.l
        28          0          0          0          0         80   fz_ts.l

    ----------------------------------------------------------------------
      3860        230         12         12        336       4132   Library Totals

    ----------------------------------------------------------------------

==============================================================================


      Code (inc. data)   RO Data    RW Data    ZI Data      Debug   

      4976        366         28         12        336      98763   Grand Totals
      4976        366         28         12        336      98763   ELF Image Totals
      4976        366         28         12          0          0   ROM Totals

==============================================================================

    Total RO  Size (Code + RO Data)                 5004 (   4.89kB)
    Total RW  Size (RW Data + ZI Data)               348 (   0.34kB)
    Total ROM Size (Code + RO Data + RW Data)       5016 (   4.90kB)

==============================================================================

